R version 4.3.3 (2024-02-29)
Platform: x86_64-pc-linux-gnu (64-bit)
Running under: Ubuntu 24.04.4 LTS

Matrix products: default
BLAS:   /usr/lib/x86_64-linux-gnu/blas/libblas.so.3.12.0 
LAPACK: /usr/lib/x86_64-linux-gnu/lapack/liblapack.so.3.12.0

locale:
 [1] LC_CTYPE=C.UTF-8    LC_NUMERIC=C        LC_TIME=C          
 [4] LC_COLLATE=C        LC_MONETARY=C       LC_MESSAGES=C      
 [7] LC_PAPER=C          LC_NAME=C           LC_ADDRESS=C       
[10] LC_TELEPHONE=C      LC_MEASUREMENT=C    LC_IDENTIFICATION=C

time zone: Etc/UTC
tzcode source: system (glibc)

attached base packages:
[1] stats     graphics  grDevices utils     datasets  methods   base     

other attached packages:
[1] sandwich_3.1-0  glmnet_4.1-8    Matrix_1.6-5    MASS_7.3-60.0.1

loaded via a namespace (and not attached):
 [1] zoo_1.8-12       compiler_4.3.3   survival_3.5-8   Rcpp_1.0.12     
 [5] splines_4.3.3    codetools_0.2-19 grid_4.3.3       iterators_1.0.14
 [9] foreach_1.5.2    shape_1.4.6      lattice_0.22-5  

== REFERENCE VALUES ==
T	100
T1	50
n_donors	50
s0	4
cst	2
n_reps	10
fsns_R_iid_r1	5
fsns_sel_iid_r1_k1	1
fsns_sel_iid_r1_k2	2
fsns_sel_iid_r1_k3	3
fsns_sel_iid_r1_k4	4
fsns_sel_iid_r1_k5	12
lasns_R_iid_r1	4
lasns_sel_iid_r1_k1	1
lasns_sel_iid_r1_k2	2
lasns_sel_iid_r1_k3	3
lasns_sel_iid_r1_k4	4
fs_R_iid_r1	5
fs_sel_iid_r1_k1	1
fs_sel_iid_r1_k2	2
fs_sel_iid_r1_k3	3
fs_sel_iid_r1_k4	4
fs_sel_iid_r1_k5	12
fs_coef_iid_r1_k1	1.0860994958732053
fs_coef_iid_r1_k2	1.3123543659605763
fs_coef_iid_r1_k3	0.87047293094881062
fs_coef_iid_r1_k4	0.97425211289873459
fs_coef_iid_r1_k5	-0.14237328339653715
fs_bias_iid_r1	-0.02290363101873805
fs_rmse_iid_r1	0.58877254362789389
fs_delbar_iid_r1	-0.02290363101873805
fs_delsd_iid_r1	0.077062346243875798
fs_stu_iid_r1	-0.29720910580967702
las_R_iid_r1	4
las_sel_iid_r1_k1	1
las_sel_iid_r1_k2	2
las_sel_iid_r1_k3	3
las_sel_iid_r1_k4	4
las_coef_iid_r1_k1	0.88094201536441152
las_coef_iid_r1_k2	1.2081380441029559
las_coef_iid_r1_k3	0.71743392207364143
las_coef_iid_r1_k4	0.86294380000321003
las_bias_iid_r1	0.0037225361139720868
las_rmse_iid_r1	0.62415479214429304
las_delbar_iid_r1	0.0037225361139720868
las_delsd_iid_r1	0.080499745535971098
las_stu_iid_r1	0.046242830821231373
orc_R_iid_r1	4
orc_sel_iid_r1_k1	1
orc_sel_iid_r1_k2	2
orc_sel_iid_r1_k3	3
orc_sel_iid_r1_k4	4
orc_coef_iid_r1_k1	1.0790197565888733
orc_coef_iid_r1_k2	1.292158557553758
orc_coef_iid_r1_k3	0.8736144032184372
orc_coef_iid_r1_k4	1.0088483029094153
orc_bias_iid_r1	-0.045702686678128504
orc_rmse_iid_r1	0.58921690344603261
orc_delbar_iid_r1	-0.045702686678128504
orc_delsd_iid_r1	0.071580972772439327
orc_stu_iid_r1	-0.63847535047365711
fsns_R_iid_r2	6
fsns_sel_iid_r2_k1	1
fsns_sel_iid_r2_k2	2
fsns_sel_iid_r2_k3	3
fsns_sel_iid_r2_k4	4
fsns_sel_iid_r2_k5	29
fsns_sel_iid_r2_k6	36
lasns_R_iid_r2	5
lasns_sel_iid_r2_k1	1
lasns_sel_iid_r2_k2	2
lasns_sel_iid_r2_k3	3
lasns_sel_iid_r2_k4	4
lasns_sel_iid_r2_k5	29
fs_R_iid_r2	5
fs_sel_iid_r2_k1	1
fs_sel_iid_r2_k2	2
fs_sel_iid_r2_k3	3
fs_sel_iid_r2_k4	4
fs_sel_iid_r2_k5	36
fs_coef_iid_r2_k1	0.97449863717601259
fs_coef_iid_r2_k2	0.97806147337621951
fs_coef_iid_r2_k3	0.95343364798253649
fs_coef_iid_r2_k4	1.0804216603370351
fs_coef_iid_r2_k5	-0.13423124142938062
fs_bias_iid_r2	0.041328284400332593
fs_rmse_iid_r2	0.47346998734927409
fs_delbar_iid_r2	0.041328284400332593
fs_delsd_iid_r2	0.063419800752171837
fs_stu_iid_r2	0.6516621608735863
las_R_iid_r2	5
las_sel_iid_r2_k1	1
las_sel_iid_r2_k2	2
las_sel_iid_r2_k3	3
las_sel_iid_r2_k4	4
las_sel_iid_r2_k5	29
las_coef_iid_r2_k1	0.85287558372853323
las_coef_iid_r2_k2	0.82343022371971653
las_coef_iid_r2_k3	0.86748703663020732
las_coef_iid_r2_k4	0.9164354256042192
las_coef_iid_r2_k5	-0.078316048246603293
las_bias_iid_r2	-0.02233742929618094
las_rmse_iid_r2	0.47241435016142314
las_delbar_iid_r2	-0.02233742929618094
las_delsd_iid_r2	0.057793159944896401
las_stu_iid_r2	-0.38650645366127817
orc_R_iid_r2	4
orc_sel_iid_r2_k1	1
orc_sel_iid_r2_k2	2
orc_sel_iid_r2_k3	3
orc_sel_iid_r2_k4	4
orc_coef_iid_r2_k1	0.98439786558625098
orc_coef_iid_r2_k2	0.94392628877277962
orc_coef_iid_r2_k3	0.95021683237103505
orc_coef_iid_r2_k4	1.0445356001862467
orc_bias_iid_r2	0.02020320091865133
orc_rmse_iid_r2	0.46110418813046539
orc_delbar_iid_r2	0.02020320091865133
orc_delsd_iid_r2	0.063708514102806757
orc_stu_iid_r2	0.31711932389522257
fsns_R_iid_r3	4
fsns_sel_iid_r3_k1	1
fsns_sel_iid_r3_k2	2
fsns_sel_iid_r3_k3	3
fsns_sel_iid_r3_k4	4
lasns_R_iid_r3	5
lasns_sel_iid_r3_k1	1
lasns_sel_iid_r3_k2	2
lasns_sel_iid_r3_k3	3
lasns_sel_iid_r3_k4	4
lasns_sel_iid_r3_k5	37
fs_R_iid_r3	4
fs_sel_iid_r3_k1	1
fs_sel_iid_r3_k2	2
fs_sel_iid_r3_k3	3
fs_sel_iid_r3_k4	4
fs_coef_iid_r3_k1	0.83301029764479684
fs_coef_iid_r3_k2	1.023104075533219
fs_coef_iid_r3_k3	1.02440840285303
fs_coef_iid_r3_k4	0.99088940867751885
fs_bias_iid_r3	-0.013752992929700496
fs_rmse_iid_r3	0.46948483608028274
fs_delbar_iid_r3	-0.013752992929700496
fs_delsd_iid_r3	0.07084057916760883
fs_stu_iid_r3	-0.19414004079725139
las_R_iid_r3	5
las_sel_iid_r3_k1	1
las_sel_iid_r3_k2	2
las_sel_iid_r3_k3	3
las_sel_iid_r3_k4	4
las_sel_iid_r3_k5	37
las_coef_iid_r3_k1	0.73986803085739761
las_coef_iid_r3_k2	0.91350014730868712
las_coef_iid_r3_k3	0.92522908716226115
las_coef_iid_r3_k4	0.89765506773579118
las_coef_iid_r3_k5	0.068604342088700754
las_bias_iid_r3	0.0072529610332130109
las_rmse_iid_r3	0.52815879423136969
las_delbar_iid_r3	0.0072529610332130109
las_delsd_iid_r3	0.078000189281050791
las_stu_iid_r3	0.092986454264605625
orc_R_iid_r3	4
orc_sel_iid_r3_k1	1
orc_sel_iid_r3_k2	2
orc_sel_iid_r3_k3	3
orc_sel_iid_r3_k4	4
orc_coef_iid_r3_k1	0.83301029764479684
orc_coef_iid_r3_k2	1.0231040755332199
orc_coef_iid_r3_k3	1.0244084028530294
orc_coef_iid_r3_k4	0.99088940867751751
orc_bias_iid_r3	-0.013752992929700518
orc_rmse_iid_r3	0.46948483608028319
orc_delbar_iid_r3	-0.013752992929700518
orc_delsd_iid_r3	0.0708405791676089
orc_stu_iid_r3	-0.19414004079725153
fsns_R_iid_r4	5
fsns_sel_iid_r4_k1	1
fsns_sel_iid_r4_k2	2
fsns_sel_iid_r4_k3	3
fsns_sel_iid_r4_k4	4
fsns_sel_iid_r4_k5	15
lasns_R_iid_r4	4
lasns_sel_iid_r4_k1	1
lasns_sel_iid_r4_k2	2
lasns_sel_iid_r4_k3	3
lasns_sel_iid_r4_k4	4
fs_R_iid_r4	5
fs_sel_iid_r4_k1	1
fs_sel_iid_r4_k2	2
fs_sel_iid_r4_k3	3
fs_sel_iid_r4_k4	4
fs_sel_iid_r4_k5	15
fs_coef_iid_r4_k1	1.1476523066141826
fs_coef_iid_r4_k2	1.0433666671039477
fs_coef_iid_r4_k3	0.97591341348278726
fs_coef_iid_r4_k4	1.0900700957911249
fs_coef_iid_r4_k5	0.22846103468132911
fs_bias_iid_r4	-0.014332250855364558
fs_rmse_iid_r4	0.56769476950668907
fs_delbar_iid_r4	-0.014332250855364558
fs_delsd_iid_r4	0.076573264468430505
fs_stu_iid_r4	-0.18717043023904817
las_R_iid_r4	4
las_sel_iid_r4_k1	1
las_sel_iid_r4_k2	2
las_sel_iid_r4_k3	3
las_sel_iid_r4_k4	4
las_coef_iid_r4_k1	1.0575088788494325
las_coef_iid_r4_k2	0.91355890068245449
las_coef_iid_r4_k3	0.71232872414589721
las_coef_iid_r4_k4	0.89767073246961415
las_bias_iid_r4	-0.088851979456100696
las_rmse_iid_r4	0.64190846924816658
las_delbar_iid_r4	-0.088851979456100696
las_delsd_iid_r4	0.086105707977790005
las_stu_iid_r4	-1.0318941861440714
orc_R_iid_r4	4
orc_sel_iid_r4_k1	1
orc_sel_iid_r4_k2	2
orc_sel_iid_r4_k3	3
orc_sel_iid_r4_k4	4
orc_coef_iid_r4_k1	1.1673985234575617
orc_coef_iid_r4_k2	1.0513180128550517
orc_coef_iid_r4_k3	0.96642177776158433
orc_coef_iid_r4_k4	1.0684655932393263
orc_bias_iid_r4	-0.0029518343934396073
orc_rmse_iid_r4	0.54207360472765609
orc_delbar_iid_r4	-0.0029518343934396073
orc_delsd_iid_r4	0.067365547982781632
orc_stu_iid_r4	-0.043818160496431863
fsns_R_iid_r5	5
fsns_sel_iid_r5_k1	1
fsns_sel_iid_r5_k2	2
fsns_sel_iid_r5_k3	3
fsns_sel_iid_r5_k4	4
fsns_sel_iid_r5_k5	22
lasns_R_iid_r5	4
lasns_sel_iid_r5_k1	1
lasns_sel_iid_r5_k2	2
lasns_sel_iid_r5_k3	3
lasns_sel_iid_r5_k4	4
fs_R_iid_r5	5
fs_sel_iid_r5_k1	1
fs_sel_iid_r5_k2	2
fs_sel_iid_r5_k3	3
fs_sel_iid_r5_k4	4
fs_sel_iid_r5_k5	22
fs_coef_iid_r5_k1	1.041265152378235
fs_coef_iid_r5_k2	0.96693595679790334
fs_coef_iid_r5_k3	1.0462517115766425
fs_coef_iid_r5_k4	1.012777844872822
fs_coef_iid_r5_k5	0.18531333926276189
fs_bias_iid_r5	0.055228454954129605
fs_rmse_iid_r5	0.56953628347863261
fs_delbar_iid_r5	0.055228454954129605
fs_delsd_iid_r5	0.063117572603559075
fs_stu_iid_r5	0.87500917218440977
las_R_iid_r5	4
las_sel_iid_r5_k1	1
las_sel_iid_r5_k2	2
las_sel_iid_r5_k3	3
las_sel_iid_r5_k4	4
las_coef_iid_r5_k1	0.9539318880618608
las_coef_iid_r5_k2	0.76353113850756993
las_coef_iid_r5_k3	0.80741917765400828
las_coef_iid_r5_k4	0.78863188116193061
las_bias_iid_r5	0.01760941847429327
las_rmse_iid_r5	0.54157798205020391
las_delbar_iid_r5	0.01760941847429327
las_delsd_iid_r5	0.066732025636410147
las_stu_iid_r5	0.26388257072006616
orc_R_iid_r5	4
orc_sel_iid_r5_k1	1
orc_sel_iid_r5_k2	2
orc_sel_iid_r5_k3	3
orc_sel_iid_r5_k4	4
orc_coef_iid_r5_k1	1.074403022566919
orc_coef_iid_r5_k2	1.0039665010193362
orc_coef_iid_r5_k3	0.98227322146226126
orc_coef_iid_r5_k4	1.0089155951515818
orc_bias_iid_r5	0.048645850527224005
orc_rmse_iid_r5	0.48694428384960464
orc_delbar_iid_r5	0.048645850527224005
orc_delsd_iid_r5	0.064495680517917958
orc_stu_iid_r5	0.75424974411595502
fsns_R_iid_r6	6
fsns_sel_iid_r6_k1	1
fsns_sel_iid_r6_k2	2
fsns_sel_iid_r6_k3	3
fsns_sel_iid_r6_k4	4
fsns_sel_iid_r6_k5	10
fsns_sel_iid_r6_k6	34
lasns_R_iid_r6	4
lasns_sel_iid_r6_k1	1
lasns_sel_iid_r6_k2	2
lasns_sel_iid_r6_k3	3
lasns_sel_iid_r6_k4	4
fs_R_iid_r6	6
fs_sel_iid_r6_k1	1
fs_sel_iid_r6_k2	2
fs_sel_iid_r6_k3	3
fs_sel_iid_r6_k4	4
fs_sel_iid_r6_k5	10
fs_sel_iid_r6_k6	34
fs_coef_iid_r6_k1	0.99453123680268052
fs_coef_iid_r6_k2	1.0258156838931523
fs_coef_iid_r6_k3	1.0340363006462487
fs_coef_iid_r6_k4	0.99956677975379271
fs_coef_iid_r6_k5	0.21729585751875852
fs_coef_iid_r6_k6	0.16292070643544376
fs_bias_iid_r6	0.026380748607620696
fs_rmse_iid_r6	0.56374886360684462
fs_delbar_iid_r6	0.026380748607620696
fs_delsd_iid_r6	0.08648145703658984
fs_stu_iid_r6	0.30504514507033736
las_R_iid_r6	4
las_sel_iid_r6_k1	1
las_sel_iid_r6_k2	2
las_sel_iid_r6_k3	3
las_sel_iid_r6_k4	4
las_coef_iid_r6_k1	0.75898142823055748
las_coef_iid_r6_k2	0.67804340386186979
las_coef_iid_r6_k3	0.94842461793167232
las_coef_iid_r6_k4	0.71976896495674025
las_bias_iid_r6	0.16435124736357007
las_rmse_iid_r6	0.69668904692411671
las_delbar_iid_r6	0.16435124736357007
las_delsd_iid_r6	0.097230816982724358
las_stu_iid_r6	1.6903205430514014
orc_R_iid_r6	4
orc_sel_iid_r6_k1	1
orc_sel_iid_r6_k2	2
orc_sel_iid_r6_k3	3
orc_sel_iid_r6_k4	4
orc_coef_iid_r6_k1	0.98667674794701965
orc_coef_iid_r6_k2	0.97418864150642492
orc_coef_iid_r6_k3	1.0581280916123776
orc_coef_iid_r6_k4	1.0123240151017558
orc_bias_iid_r6	0.066806317121853004
orc_rmse_iid_r6	0.47741209158775955
orc_delbar_iid_r6	0.066806317121853004
orc_delsd_iid_r6	0.056973704421545431
orc_stu_iid_r6	1.1725815935638764
fsns_R_iid_r7	4
fsns_sel_iid_r7_k1	1
fsns_sel_iid_r7_k2	2
fsns_sel_iid_r7_k3	3
fsns_sel_iid_r7_k4	4
lasns_R_iid_r7	6
lasns_sel_iid_r7_k1	1
lasns_sel_iid_r7_k2	2
lasns_sel_iid_r7_k3	3
lasns_sel_iid_r7_k4	4
lasns_sel_iid_r7_k5	9
lasns_sel_iid_r7_k6	46
fs_R_iid_r7	4
fs_sel_iid_r7_k1	1
fs_sel_iid_r7_k2	2
fs_sel_iid_r7_k3	3
fs_sel_iid_r7_k4	4
fs_coef_iid_r7_k1	0.93858271404582949
fs_coef_iid_r7_k2	1.0504074510237913
fs_coef_iid_r7_k3	0.98206742370945199
fs_coef_iid_r7_k4	1.0986448084650078
fs_bias_iid_r7	0.0060443043456778105
fs_rmse_iid_r7	0.48338869140923585
fs_delbar_iid_r7	0.0060443043456778105
fs_delsd_iid_r7	0.054554359830726082
fs_stu_iid_r7	0.11079415768844822
las_R_iid_r7	4
las_sel_iid_r7_k1	1
las_sel_iid_r7_k2	2
las_sel_iid_r7_k3	3
las_sel_iid_r7_k4	4
las_coef_iid_r7_k1	0.72331179567449799
las_coef_iid_r7_k2	0.81311669458311675
las_coef_iid_r7_k3	0.67008249474874482
las_coef_iid_r7_k4	0.90334124882894817
las_bias_iid_r7	0.0010988454640323215
las_rmse_iid_r7	0.66057661256362121
las_delbar_iid_r7	0.0010988454640323215
las_delsd_iid_r7	0.090087383728309905
las_stu_iid_r7	0.012197551072703757
orc_R_iid_r7	4
orc_sel_iid_r7_k1	1
orc_sel_iid_r7_k2	2
orc_sel_iid_r7_k3	3
orc_sel_iid_r7_k4	4
orc_coef_iid_r7_k1	0.93858271404582883
orc_coef_iid_r7_k2	1.0504074510237917
orc_coef_iid_r7_k3	0.98206742370945066
orc_coef_iid_r7_k4	1.0986448084650073
orc_bias_iid_r7	0.0060443043456778192
orc_rmse_iid_r7	0.48338869140923607
orc_delbar_iid_r7	0.0060443043456778192
orc_delsd_iid_r7	0.0545543598307262
orc_stu_iid_r7	0.11079415768844814
fsns_R_iid_r8	4
fsns_sel_iid_r8_k1	1
fsns_sel_iid_r8_k2	2
fsns_sel_iid_r8_k3	3
fsns_sel_iid_r8_k4	4
lasns_R_iid_r8	4
lasns_sel_iid_r8_k1	1
lasns_sel_iid_r8_k2	2
lasns_sel_iid_r8_k3	3
lasns_sel_iid_r8_k4	4
fs_R_iid_r8	4
fs_sel_iid_r8_k1	1
fs_sel_iid_r8_k2	2
fs_sel_iid_r8_k3	3
fs_sel_iid_r8_k4	4
fs_coef_iid_r8_k1	0.94486892149952395
fs_coef_iid_r8_k2	0.96299095788005129
fs_coef_iid_r8_k3	1.0471461348816484
fs_coef_iid_r8_k4	1.1250645735545262
fs_bias_iid_r8	-0.0017500554685506375
fs_rmse_iid_r8	0.5989590627084963
fs_delbar_iid_r8	-0.0017500554685506375
fs_delsd_iid_r8	0.091358495546276119
fs_stu_iid_r8	-0.019155913832492745
las_R_iid_r8	4
las_sel_iid_r8_k1	1
las_sel_iid_r8_k2	2
las_sel_iid_r8_k3	3
las_sel_iid_r8_k4	4
las_coef_iid_r8_k1	0.68845206694265404
las_coef_iid_r8_k2	0.80424746040501471
las_coef_iid_r8_k3	0.85126933371746838
las_coef_iid_r8_k4	0.96093479399707793
las_bias_iid_r8	0.05224025153255047
las_rmse_iid_r8	0.8282053288812381
las_delbar_iid_r8	0.05224025153255047
las_delsd_iid_r8	0.1224184464593772
las_stu_iid_r8	0.42673512892426424
orc_R_iid_r8	4
orc_sel_iid_r8_k1	1
orc_sel_iid_r8_k2	2
orc_sel_iid_r8_k3	3
orc_sel_iid_r8_k4	4
orc_coef_iid_r8_k1	0.94486892149952872
orc_coef_iid_r8_k2	0.96299095788005185
orc_coef_iid_r8_k3	1.0471461348816511
orc_coef_iid_r8_k4	1.1250645735545273
orc_bias_iid_r8	-0.0017500554685512548
orc_rmse_iid_r8	0.59895906270849419
orc_delbar_iid_r8	-0.0017500554685512548
orc_delsd_iid_r8	0.091358495546275703
orc_stu_iid_r8	-0.01915591383249959
fsns_R_iid_r9	7
fsns_sel_iid_r9_k1	1
fsns_sel_iid_r9_k2	2
fsns_sel_iid_r9_k3	3
fsns_sel_iid_r9_k4	4
fsns_sel_iid_r9_k5	13
fsns_sel_iid_r9_k6	16
fsns_sel_iid_r9_k7	43
lasns_R_iid_r9	4
lasns_sel_iid_r9_k1	1
lasns_sel_iid_r9_k2	2
lasns_sel_iid_r9_k3	3
lasns_sel_iid_r9_k4	4
fs_R_iid_r9	7
fs_sel_iid_r9_k1	1
fs_sel_iid_r9_k2	2
fs_sel_iid_r9_k3	3
fs_sel_iid_r9_k4	4
fs_sel_iid_r9_k5	13
fs_sel_iid_r9_k6	16
fs_sel_iid_r9_k7	43
fs_coef_iid_r9_k1	1.0306739231203297
fs_coef_iid_r9_k2	1.0104790700635782
fs_coef_iid_r9_k3	1.0489153911654705
fs_coef_iid_r9_k4	1.0692690697507083
fs_coef_iid_r9_k5	-0.26652965774335158
fs_coef_iid_r9_k6	-0.27243960297204378
fs_coef_iid_r9_k7	0.18440915739818461
fs_bias_iid_r9	-0.011909468773182571
fs_rmse_iid_r9	0.72776788728392494
fs_delbar_iid_r9	-0.011909468773182571
fs_delsd_iid_r9	0.10447851359695093
fs_stu_iid_r9	-0.11398964593931717
las_R_iid_r9	4
las_sel_iid_r9_k1	1
las_sel_iid_r9_k2	2
las_sel_iid_r9_k3	3
las_sel_iid_r9_k4	4
las_coef_iid_r9_k1	0.84349094063323571
las_coef_iid_r9_k2	0.70988834936539247
las_coef_iid_r9_k3	0.76464115501993024
las_coef_iid_r9_k4	0.73172713437516446
las_bias_iid_r9	-0.059277042387833975
las_rmse_iid_r9	0.65350841065587895
las_delbar_iid_r9	-0.059277042387833975
las_delsd_iid_r9	0.076761453268289703
las_stu_iid_r9	-0.77222407685084082
orc_R_iid_r9	4
orc_sel_iid_r9_k1	1
orc_sel_iid_r9_k2	2
orc_sel_iid_r9_k3	3
orc_sel_iid_r9_k4	4
orc_coef_iid_r9_k1	0.98659137634648197
orc_coef_iid_r9_k2	0.98771900328426498
orc_coef_iid_r9_k3	1.0261361754768419
orc_coef_iid_r9_k4	1.0239755393670105
orc_bias_iid_r9	-0.02440598941441962
orc_rmse_iid_r9	0.51340450228214407
orc_delbar_iid_r9	-0.02440598941441962
orc_delsd_iid_r9	0.054228649493313769
orc_stu_iid_r9	-0.45005711266014115
fsns_R_iid_r10	6
fsns_sel_iid_r10_k1	1
fsns_sel_iid_r10_k2	2
fsns_sel_iid_r10_k3	3
fsns_sel_iid_r10_k4	4
fsns_sel_iid_r10_k5	34
fsns_sel_iid_r10_k6	48
lasns_R_iid_r10	6
lasns_sel_iid_r10_k1	1
lasns_sel_iid_r10_k2	2
lasns_sel_iid_r10_k3	3
lasns_sel_iid_r10_k4	4
lasns_sel_iid_r10_k5	34
lasns_sel_iid_r10_k6	48
fs_R_iid_r10	6
fs_sel_iid_r10_k1	1
fs_sel_iid_r10_k2	2
fs_sel_iid_r10_k3	3
fs_sel_iid_r10_k4	4
fs_sel_iid_r10_k5	34
fs_sel_iid_r10_k6	48
fs_coef_iid_r10_k1	1.0280656941791142
fs_coef_iid_r10_k2	0.95939179800690522
fs_coef_iid_r10_k3	0.98248911028611019
fs_coef_iid_r10_k4	0.89836750438317492
fs_coef_iid_r10_k5	-0.20640653134538406
fs_coef_iid_r10_k6	-0.20418441400817322
fs_bias_iid_r10	-0.045889289359173586
fs_rmse_iid_r10	0.52481198784426708
fs_delbar_iid_r10	-0.045889289359173586
fs_delsd_iid_r10	0.069923261539002746
fs_stu_iid_r10	-0.6562807333232995
las_R_iid_r10	6
las_sel_iid_r10_k1	1
las_sel_iid_r10_k2	2
las_sel_iid_r10_k3	3
las_sel_iid_r10_k4	4
las_sel_iid_r10_k5	34
las_sel_iid_r10_k6	48
las_coef_iid_r10_k1	0.77183764206254346
las_coef_iid_r10_k2	0.81918469597526178
las_coef_iid_r10_k3	0.96539025983768034
las_coef_iid_r10_k4	0.76944535517840396
las_coef_iid_r10_k5	-0.080397346598690814
las_coef_iid_r10_k6	-0.11269090573720347
las_bias_iid_r10	-0.047815572206358098
las_rmse_iid_r10	0.59785813958757761
las_delbar_iid_r10	-0.047815572206358098
las_delsd_iid_r10	0.062919838790939889
las_stu_iid_r10	-0.75994428983253015
orc_R_iid_r10	4
orc_sel_iid_r10_k1	1
orc_sel_iid_r10_k2	2
orc_sel_iid_r10_k3	3
orc_sel_iid_r10_k4	4
orc_coef_iid_r10_k1	1.0032906642525989
orc_coef_iid_r10_k2	0.99731635020048837
orc_coef_iid_r10_k3	1.0136537292254677
orc_coef_iid_r10_k4	0.95162388718168389
orc_bias_iid_r10	-0.049238403763825794
orc_rmse_iid_r10	0.49050916289140872
orc_delbar_iid_r10	-0.049238403763825794
orc_delsd_iid_r10	0.063023708708797546
orc_stu_iid_r10	-0.78126795094419055
fsns_R_inid_r1	6
fsns_sel_inid_r1_k1	1
fsns_sel_inid_r1_k2	2
fsns_sel_inid_r1_k3	3
fsns_sel_inid_r1_k4	4
fsns_sel_inid_r1_k5	14
fsns_sel_inid_r1_k6	30
lasns_R_inid_r1	5
lasns_sel_inid_r1_k1	1
lasns_sel_inid_r1_k2	2
lasns_sel_inid_r1_k3	3
lasns_sel_inid_r1_k4	4
lasns_sel_inid_r1_k5	30
fs_R_inid_r1	7
fs_sel_inid_r1_k1	1
fs_sel_inid_r1_k2	2
fs_sel_inid_r1_k3	3
fs_sel_inid_r1_k4	4
fs_sel_inid_r1_k5	8
fs_sel_inid_r1_k6	14
fs_sel_inid_r1_k7	30
fs_coef_inid_r1_k1	1.0377672875167423
fs_coef_inid_r1_k2	1.0222022681611336
fs_coef_inid_r1_k3	1.0021474404598105
fs_coef_inid_r1_k4	1.0175307319507483
fs_coef_inid_r1_k5	0.079591044034978062
fs_coef_inid_r1_k6	-0.16568688193675493
fs_coef_inid_r1_k7	-0.16690881404022379
fs_bias_inid_r1	-0.006235174603890262
fs_rmse_inid_r1	0.50149638694325371
fs_delbar_inid_r1	-0.006235174603890262
fs_delsd_inid_r1	0.073148093971905401
fs_stu_inid_r1	-0.085240424805669679
las_R_inid_r1	5
las_sel_inid_r1_k1	1
las_sel_inid_r1_k2	2
las_sel_inid_r1_k3	3
las_sel_inid_r1_k4	4
las_sel_inid_r1_k5	30
las_coef_inid_r1_k1	0.99225808905542756
las_coef_inid_r1_k2	0.89444488352057749
las_coef_inid_r1_k3	0.94104179965248924
las_coef_inid_r1_k4	0.90822021289466903
las_coef_inid_r1_k5	-0.053244900556179919
las_bias_inid_r1	-0.061209235592893416
las_rmse_inid_r1	0.55862394490788947
las_delbar_inid_r1	-0.061209235592893416
las_delsd_inid_r1	0.069387749121498588
las_stu_inid_r1	-0.88213317722290541
orc_R_inid_r1	4
orc_sel_inid_r1_k1	1
orc_sel_inid_r1_k2	2
orc_sel_inid_r1_k3	3
orc_sel_inid_r1_k4	4
orc_coef_inid_r1_k1	1.0819524971601042
orc_coef_inid_r1_k2	0.9858766121719017
orc_coef_inid_r1_k3	1.0262138456664804
orc_coef_inid_r1_k4	0.94119831605279092
orc_bias_inid_r1	-0.011963421361015079
orc_rmse_inid_r1	0.49752320163521518
orc_delbar_inid_r1	-0.011963421361015079
orc_delsd_inid_r1	0.070346837051740815
orc_stu_inid_r1	-0.17006338681888228
fsns_R_inid_r2	5
fsns_sel_inid_r2_k1	1
fsns_sel_inid_r2_k2	2
fsns_sel_inid_r2_k3	3
fsns_sel_inid_r2_k4	4
fsns_sel_inid_r2_k5	5
lasns_R_inid_r2	5
lasns_sel_inid_r2_k1	1
lasns_sel_inid_r2_k2	2
lasns_sel_inid_r2_k3	3
lasns_sel_inid_r2_k4	4
lasns_sel_inid_r2_k5	23
fs_R_inid_r2	5
fs_sel_inid_r2_k1	1
fs_sel_inid_r2_k2	2
fs_sel_inid_r2_k3	3
fs_sel_inid_r2_k4	4
fs_sel_inid_r2_k5	5
fs_coef_inid_r2_k1	0.96701766369759168
fs_coef_inid_r2_k2	1.0105588914128638
fs_coef_inid_r2_k3	0.91543608629831652
fs_coef_inid_r2_k4	1.0967213462375069
fs_coef_inid_r2_k5	-0.12244069727013146
fs_bias_inid_r2	-0.22012570564261777
fs_rmse_inid_r2	0.59602956008626251
fs_delbar_inid_r2	-0.22012570564261777
fs_delsd_inid_r2	0.091301579760265053
fs_stu_inid_r2	-2.410973678884992
las_R_inid_r2	5
las_sel_inid_r2_k1	1
las_sel_inid_r2_k2	2
las_sel_inid_r2_k3	3
las_sel_inid_r2_k4	4
las_sel_inid_r2_k5	23
las_coef_inid_r2_k1	0.75047356158844891
las_coef_inid_r2_k2	0.9339562026156073
las_coef_inid_r2_k3	0.74161011607243255
las_coef_inid_r2_k4	0.79514081961648453
las_coef_inid_r2_k5	0.03062742880107619
las_bias_inid_r2	-0.19171697450181732
las_rmse_inid_r2	0.76219047514703098
las_delbar_inid_r2	-0.19171697450181732
las_delsd_inid_r2	0.14699142827837411
las_stu_inid_r2	-1.3042731589677559
orc_R_inid_r2	4
orc_sel_inid_r2_k1	1
orc_sel_inid_r2_k2	2
orc_sel_inid_r2_k3	3
orc_sel_inid_r2_k4	4
orc_coef_inid_r2_k1	0.94867133762428557
orc_coef_inid_r2_k2	1.0281087884010145
orc_coef_inid_r2_k3	0.92076254295006732
orc_coef_inid_r2_k4	1.0740369677537407
orc_bias_inid_r2	-0.12280320563721245
orc_rmse_inid_r2	0.55818405717170005
orc_delbar_inid_r2	-0.12280320563721245
orc_delsd_inid_r2	0.089206171255122216
orc_stu_inid_r2	-1.3766223110955575
fsns_R_inid_r3	4
fsns_sel_inid_r3_k1	1
fsns_sel_inid_r3_k2	2
fsns_sel_inid_r3_k3	3
fsns_sel_inid_r3_k4	4
lasns_R_inid_r3	5
lasns_sel_inid_r3_k1	1
lasns_sel_inid_r3_k2	2
lasns_sel_inid_r3_k3	3
lasns_sel_inid_r3_k4	4
lasns_sel_inid_r3_k5	32
fs_R_inid_r3	4
fs_sel_inid_r3_k1	1
fs_sel_inid_r3_k2	2
fs_sel_inid_r3_k3	3
fs_sel_inid_r3_k4	4
fs_coef_inid_r3_k1	1.0083695652734228
fs_coef_inid_r3_k2	1.0486024695014242
fs_coef_inid_r3_k3	0.91937062574416972
fs_coef_inid_r3_k4	0.96434247721800259
fs_bias_inid_r3	0.081175598935554372
fs_rmse_inid_r3	0.50291635621366748
fs_delbar_inid_r3	0.081175598935554372
fs_delsd_inid_r3	0.064546382211297063
fs_stu_inid_r3	1.2576320493040247
las_R_inid_r3	5
las_sel_inid_r3_k1	1
las_sel_inid_r3_k2	2
las_sel_inid_r3_k3	3
las_sel_inid_r3_k4	4
las_sel_inid_r3_k5	32
las_coef_inid_r3_k1	0.90213601025775836
las_coef_inid_r3_k2	0.948294185436934
las_coef_inid_r3_k3	0.92708318135880463
las_coef_inid_r3_k4	0.70714328010915073
las_coef_inid_r3_k5	0.050212465417479944
las_bias_inid_r3	0.16844688291409937
las_rmse_inid_r3	0.62966125804003381
las_delbar_inid_r3	0.16844688291409937
las_delsd_inid_r3	0.081130313380217575
las_stu_inid_r3	2.0762508598317906
orc_R_inid_r3	4
orc_sel_inid_r3_k1	1
orc_sel_inid_r3_k2	2
orc_sel_inid_r3_k3	3
orc_sel_inid_r3_k4	4
orc_coef_inid_r3_k1	1.0083695652734246
orc_coef_inid_r3_k2	1.0486024695014251
orc_coef_inid_r3_k3	0.91937062574417017
orc_coef_inid_r3_k4	0.96434247721800193
orc_bias_inid_r3	0.081175598935553428
orc_rmse_inid_r3	0.50291635621366793
orc_delbar_inid_r3	0.081175598935553428
orc_delsd_inid_r3	0.06454638221129734
orc_stu_inid_r3	1.2576320493040047
fsns_R_inid_r4	5
fsns_sel_inid_r4_k1	1
fsns_sel_inid_r4_k2	2
fsns_sel_inid_r4_k3	3
fsns_sel_inid_r4_k4	4
fsns_sel_inid_r4_k5	13
lasns_R_inid_r4	7
lasns_sel_inid_r4_k1	1
lasns_sel_inid_r4_k2	2
lasns_sel_inid_r4_k3	3
lasns_sel_inid_r4_k4	4
lasns_sel_inid_r4_k5	11
lasns_sel_inid_r4_k6	13
lasns_sel_inid_r4_k7	24
fs_R_inid_r4	5
fs_sel_inid_r4_k1	1
fs_sel_inid_r4_k2	2
fs_sel_inid_r4_k3	3
fs_sel_inid_r4_k4	4
fs_sel_inid_r4_k5	13
fs_coef_inid_r4_k1	0.95961673687654259
fs_coef_inid_r4_k2	0.96238608140645931
fs_coef_inid_r4_k3	0.98019290773860612
fs_coef_inid_r4_k4	1.0814506197712381
fs_coef_inid_r4_k5	0.12991683330738932
fs_bias_inid_r4	0.19303929169222472
fs_rmse_inid_r4	0.55559062924504754
fs_delbar_inid_r4	0.19303929169222472
fs_delsd_inid_r4	0.092820724563803997
fs_stu_inid_r4	2.0797003320043199
las_R_inid_r4	7
las_sel_inid_r4_k1	1
las_sel_inid_r4_k2	2
las_sel_inid_r4_k3	3
las_sel_inid_r4_k4	4
las_sel_inid_r4_k5	11
las_sel_inid_r4_k6	13
las_sel_inid_r4_k7	24
las_coef_inid_r4_k1	0.76820408789918304
las_coef_inid_r4_k2	0.63918642896656841
las_coef_inid_r4_k3	0.88099105323441418
las_coef_inid_r4_k4	0.95148198062670253
las_coef_inid_r4_k5	0.028441945929114996
las_coef_inid_r4_k6	0.092116245096130284
las_coef_inid_r4_k7	-0.021427775947700581
las_bias_inid_r4	0.15957070932019735
las_rmse_inid_r4	0.75017255173920638
las_delbar_inid_r4	0.15957070932019735
las_delsd_inid_r4	0.15443090008651786
las_stu_inid_r4	1.0332822591256023
orc_R_inid_r4	4
orc_sel_inid_r4_k1	1
orc_sel_inid_r4_k2	2
orc_sel_inid_r4_k3	3
orc_sel_inid_r4_k4	4
orc_coef_inid_r4_k1	0.98559058581543213
orc_coef_inid_r4_k2	1.0043516023273882
orc_coef_inid_r4_k3	1.0082575571024688
orc_coef_inid_r4_k4	1.0955319546869506
orc_bias_inid_r4	0.015812804848949931
orc_rmse_inid_r4	0.47833232688917338
orc_delbar_inid_r4	0.015812804848949931
orc_delsd_inid_r4	0.064092331411430989
orc_stu_inid_r4	0.24671913941532306
fsns_R_inid_r5	4
fsns_sel_inid_r5_k1	1
fsns_sel_inid_r5_k2	2
fsns_sel_inid_r5_k3	3
fsns_sel_inid_r5_k4	4
lasns_R_inid_r5	5
lasns_sel_inid_r5_k1	1
lasns_sel_inid_r5_k2	2
lasns_sel_inid_r5_k3	3
lasns_sel_inid_r5_k4	4
lasns_sel_inid_r5_k5	22
fs_R_inid_r5	4
fs_sel_inid_r5_k1	1
fs_sel_inid_r5_k2	2
fs_sel_inid_r5_k3	3
fs_sel_inid_r5_k4	4
fs_coef_inid_r5_k1	1.0267819779705651
fs_coef_inid_r5_k2	0.97590720193443337
fs_coef_inid_r5_k3	0.96155362296724201
fs_coef_inid_r5_k4	0.96511186843317076
fs_bias_inid_r5	-0.036330497489010911
fs_rmse_inid_r5	0.56805319877108718
fs_delbar_inid_r5	-0.036330497489010911
fs_delsd_inid_r5	0.069127689950242821
fs_stu_inid_r5	-0.52555636554846707
las_R_inid_r5	5
las_sel_inid_r5_k1	1
las_sel_inid_r5_k2	2
las_sel_inid_r5_k3	3
las_sel_inid_r5_k4	4
las_sel_inid_r5_k5	22
las_coef_inid_r5_k1	0.90559922025562423
las_coef_inid_r5_k2	0.85658018573947925
las_coef_inid_r5_k3	0.8744671422699648
las_coef_inid_r5_k4	0.89494441963188975
las_coef_inid_r5_k5	-0.053955590213964739
las_bias_inid_r5	0.047191921372053629
las_rmse_inid_r5	0.64904704978117289
las_delbar_inid_r5	0.047191921372053629
las_delsd_inid_r5	0.084130318238670135
las_stu_inid_r5	0.5609383437511124
orc_R_inid_r5	4
orc_sel_inid_r5_k1	1
orc_sel_inid_r5_k2	2
orc_sel_inid_r5_k3	3
orc_sel_inid_r5_k4	4
orc_coef_inid_r5_k1	1.0267819779705645
orc_coef_inid_r5_k2	0.97590720193443292
orc_coef_inid_r5_k3	0.96155362296724189
orc_coef_inid_r5_k4	0.96511186843317043
orc_bias_inid_r5	-0.036330497489009968
orc_rmse_inid_r5	0.56805319877108718
orc_delbar_inid_r5	-0.036330497489009968
orc_delsd_inid_r5	0.069127689950242807
orc_stu_inid_r5	-0.52555636554845353
fsns_R_inid_r6	8
fsns_sel_inid_r6_k1	1
fsns_sel_inid_r6_k2	2
fsns_sel_inid_r6_k3	3
fsns_sel_inid_r6_k4	4
fsns_sel_inid_r6_k5	9
fsns_sel_inid_r6_k6	11
fsns_sel_inid_r6_k7	21
fsns_sel_inid_r6_k8	31
lasns_R_inid_r6	13
lasns_sel_inid_r6_k1	1
lasns_sel_inid_r6_k2	2
lasns_sel_inid_r6_k3	3
lasns_sel_inid_r6_k4	4
lasns_sel_inid_r6_k5	9
lasns_sel_inid_r6_k6	11
lasns_sel_inid_r6_k7	16
lasns_sel_inid_r6_k8	18
lasns_sel_inid_r6_k9	21
lasns_sel_inid_r6_k10	26
lasns_sel_inid_r6_k11	29
lasns_sel_inid_r6_k12	36
lasns_sel_inid_r6_k13	49
fs_R_inid_r6	8
fs_sel_inid_r6_k1	1
fs_sel_inid_r6_k2	2
fs_sel_inid_r6_k3	3
fs_sel_inid_r6_k4	4
fs_sel_inid_r6_k5	9
fs_sel_inid_r6_k6	11
fs_sel_inid_r6_k7	21
fs_sel_inid_r6_k8	31
fs_coef_inid_r6_k1	0.93310158460894133
fs_coef_inid_r6_k2	0.91990616724344476
fs_coef_inid_r6_k3	1.0929660875756835
fs_coef_inid_r6_k4	0.94080926855527447
fs_coef_inid_r6_k5	-0.19915767429579317
fs_coef_inid_r6_k6	0.14524349377040344
fs_coef_inid_r6_k7	0.065359489004557486
fs_coef_inid_r6_k8	-0.11838580351637043
fs_bias_inid_r6	0.38123944581951152
fs_rmse_inid_r6	0.82238786360752325
fs_delbar_inid_r6	0.38123944581951152
fs_delsd_inid_r6	0.13459478451240475
fs_stu_inid_r6	2.8324979099348022
las_R_inid_r6	13
las_sel_inid_r6_k1	1
las_sel_inid_r6_k2	2
las_sel_inid_r6_k3	3
las_sel_inid_r6_k4	4
las_sel_inid_r6_k5	9
las_sel_inid_r6_k6	11
las_sel_inid_r6_k7	16
las_sel_inid_r6_k8	18
las_sel_inid_r6_k9	21
las_sel_inid_r6_k10	26
las_sel_inid_r6_k11	29
las_sel_inid_r6_k12	36
las_sel_inid_r6_k13	49
las_coef_inid_r6_k1	0.84564499835119455
las_coef_inid_r6_k2	0.87304319619406778
las_coef_inid_r6_k3	0.96091731008527914
las_coef_inid_r6_k4	0.81086261908700707
las_coef_inid_r6_k5	-0.084777771294306928
las_coef_inid_r6_k6	0.076115875563672164
las_coef_inid_r6_k7	-0.010245042033745775
las_coef_inid_r6_k8	-0.059691190522317104
las_coef_inid_r6_k9	0.087046354092396305
las_coef_inid_r6_k10	0.13206444176465582
las_coef_inid_r6_k11	0.061796532731540829
las_coef_inid_r6_k12	-0.065308829385104586
las_coef_inid_r6_k13	0.072794798585134018
las_bias_inid_r6	0.49228760344213451
las_rmse_inid_r6	0.90766086831041781
las_delbar_inid_r6	0.49228760344213451
las_delsd_inid_r6	0.15268118704371234
las_stu_inid_r6	3.2242846219239407
orc_R_inid_r6	4
orc_sel_inid_r6_k1	1
orc_sel_inid_r6_k2	2
orc_sel_inid_r6_k3	3
orc_sel_inid_r6_k4	4
orc_coef_inid_r6_k1	1.0200138871704831
orc_coef_inid_r6_k2	0.99930461940988125
orc_coef_inid_r6_k3	1.0548817573804388
orc_coef_inid_r6_k4	1.0445748446270846
orc_bias_inid_r6	0.10673158689590741
orc_rmse_inid_r6	0.59814662697743459
orc_delbar_inid_r6	0.10673158689590741
orc_delsd_inid_r6	0.10050203158133954
orc_stu_inid_r6	1.0619843720226301
fsns_R_inid_r7	5
fsns_sel_inid_r7_k1	1
fsns_sel_inid_r7_k2	2
fsns_sel_inid_r7_k3	3
fsns_sel_inid_r7_k4	4
fsns_sel_inid_r7_k5	24
lasns_R_inid_r7	6
lasns_sel_inid_r7_k1	1
lasns_sel_inid_r7_k2	2
lasns_sel_inid_r7_k3	3
lasns_sel_inid_r7_k4	4
lasns_sel_inid_r7_k5	24
lasns_sel_inid_r7_k6	37
fs_R_inid_r7	5
fs_sel_inid_r7_k1	1
fs_sel_inid_r7_k2	2
fs_sel_inid_r7_k3	3
fs_sel_inid_r7_k4	4
fs_sel_inid_r7_k5	24
fs_coef_inid_r7_k1	0.99639696336345407
fs_coef_inid_r7_k2	1.0650847786804005
fs_coef_inid_r7_k3	1.0105979731248691
fs_coef_inid_r7_k4	0.99783643551550283
fs_coef_inid_r7_k5	0.05726282558241947
fs_bias_inid_r7	0.070047004870532781
fs_rmse_inid_r7	0.49037056195672762
fs_delbar_inid_r7	0.070047004870532781
fs_delsd_inid_r7	0.070471378159368908
fs_stu_inid_r7	0.99397807592358389
las_R_inid_r7	6
las_sel_inid_r7_k1	1
las_sel_inid_r7_k2	2
las_sel_inid_r7_k3	3
las_sel_inid_r7_k4	4
las_sel_inid_r7_k5	24
las_sel_inid_r7_k6	37
las_coef_inid_r7_k1	0.80596522683145055
las_coef_inid_r7_k2	0.88247364660915695
las_coef_inid_r7_k3	0.93842346851831371
las_coef_inid_r7_k4	0.72871252810021869
las_coef_inid_r7_k5	0.097382041170169215
las_coef_inid_r7_k6	0.034298774298765468
las_bias_inid_r7	0.13363244123970389
las_rmse_inid_r7	0.90963292409937291
las_delbar_inid_r7	0.13363244123970389
las_delsd_inid_r7	0.21223582289624848
las_stu_inid_r7	0.62964130850346656
orc_R_inid_r7	4
orc_sel_inid_r7_k1	1
orc_sel_inid_r7_k2	2
orc_sel_inid_r7_k3	3
orc_sel_inid_r7_k4	4
orc_coef_inid_r7_k1	1.0396111316515326
orc_coef_inid_r7_k2	1.070744353415759
orc_coef_inid_r7_k3	0.99522078367498534
orc_coef_inid_r7_k4	1.0195189386168391
orc_bias_inid_r7	-0.015224434720247782
orc_rmse_inid_r7	0.44361506261020345
orc_delbar_inid_r7	-0.015224434720247782
orc_delsd_inid_r7	0.052057390045970521
orc_stu_inid_r7	-0.29245482162673697
fsns_R_inid_r8	4
fsns_sel_inid_r8_k1	1
fsns_sel_inid_r8_k2	2
fsns_sel_inid_r8_k3	3
fsns_sel_inid_r8_k4	4
lasns_R_inid_r8	7
lasns_sel_inid_r8_k1	1
lasns_sel_inid_r8_k2	2
lasns_sel_inid_r8_k3	3
lasns_sel_inid_r8_k4	4
lasns_sel_inid_r8_k5	5
lasns_sel_inid_r8_k6	30
lasns_sel_inid_r8_k7	37
fs_R_inid_r8	4
fs_sel_inid_r8_k1	1
fs_sel_inid_r8_k2	2
fs_sel_inid_r8_k3	3
fs_sel_inid_r8_k4	4
fs_coef_inid_r8_k1	0.97910111382689802
fs_coef_inid_r8_k2	0.97534461600353795
fs_coef_inid_r8_k3	1.0756129497088982
fs_coef_inid_r8_k4	0.95287667452493785
fs_bias_inid_r8	-0.15741621348822088
fs_rmse_inid_r8	0.56006598103513106
fs_delbar_inid_r8	-0.15741621348822088
fs_delsd_inid_r8	0.077683768888519453
fs_stu_inid_r8	-2.0263719917364198
las_R_inid_r8	7
las_sel_inid_r8_k1	1
las_sel_inid_r8_k2	2
las_sel_inid_r8_k3	3
las_sel_inid_r8_k4	4
las_sel_inid_r8_k5	5
las_sel_inid_r8_k6	30
las_sel_inid_r8_k7	37
las_coef_inid_r8_k1	0.90445656918043926
las_coef_inid_r8_k2	0.8426146689955849
las_coef_inid_r8_k3	1.0099831395093806
las_coef_inid_r8_k4	0.86219961607336015
las_coef_inid_r8_k5	-0.012638937082381965
las_coef_inid_r8_k6	0.035326213356028646
las_coef_inid_r8_k7	-0.039666308449442134
las_bias_inid_r8	-0.11779808870711123
las_rmse_inid_r8	0.57095122805250165
las_delbar_inid_r8	-0.11779808870711123
las_delsd_inid_r8	0.08118184867211857
las_stu_inid_r8	-1.4510397414436842
orc_R_inid_r8	4
orc_sel_inid_r8_k1	1
orc_sel_inid_r8_k2	2
orc_sel_inid_r8_k3	3
orc_sel_inid_r8_k4	4
orc_coef_inid_r8_k1	0.97910111382689857
orc_coef_inid_r8_k2	0.97534461600353839
orc_coef_inid_r8_k3	1.0756129497088991
orc_coef_inid_r8_k4	0.95287667452493763
orc_bias_inid_r8	-0.15741621348822146
orc_rmse_inid_r8	0.56006598103513183
orc_delbar_inid_r8	-0.15741621348822146
orc_delsd_inid_r8	0.077683768888519786
orc_stu_inid_r8	-2.0263719917364185
fsns_R_inid_r9	4
fsns_sel_inid_r9_k1	1
fsns_sel_inid_r9_k2	2
fsns_sel_inid_r9_k3	3
fsns_sel_inid_r9_k4	4
lasns_R_inid_r9	8
lasns_sel_inid_r9_k1	1
lasns_sel_inid_r9_k2	2
lasns_sel_inid_r9_k3	3
lasns_sel_inid_r9_k4	4
lasns_sel_inid_r9_k5	20
lasns_sel_inid_r9_k6	21
lasns_sel_inid_r9_k7	26
lasns_sel_inid_r9_k8	37
fs_R_inid_r9	4
fs_sel_inid_r9_k1	1
fs_sel_inid_r9_k2	2
fs_sel_inid_r9_k3	3
fs_sel_inid_r9_k4	4
fs_coef_inid_r9_k1	1.0155627232067843
fs_coef_inid_r9_k2	0.9743302973055511
fs_coef_inid_r9_k3	1.0145277831626356
fs_coef_inid_r9_k4	1.0226621219561465
fs_bias_inid_r9	-0.13888437736471262
fs_rmse_inid_r9	0.55237268514282112
fs_delbar_inid_r9	-0.13888437736471262
fs_delsd_inid_r9	0.067319622344391372
fs_stu_inid_r9	-2.0630593655771388
las_R_inid_r9	8
las_sel_inid_r9_k1	1
las_sel_inid_r9_k2	2
las_sel_inid_r9_k3	3
las_sel_inid_r9_k4	4
las_sel_inid_r9_k5	20
las_sel_inid_r9_k6	21
las_sel_inid_r9_k7	26
las_sel_inid_r9_k8	37
las_coef_inid_r9_k1	0.99568552003368738
las_coef_inid_r9_k2	0.86730273771908384
las_coef_inid_r9_k3	0.89512990940940051
las_coef_inid_r9_k4	0.9105214519414635
las_coef_inid_r9_k5	0.025272927646798553
las_coef_inid_r9_k6	-0.019244195431809857
las_coef_inid_r9_k7	0.061986601713578927
las_coef_inid_r9_k8	0.033430616840514564
las_bias_inid_r9	-0.23458694234873775
las_rmse_inid_r9	0.64478967100029616
las_delbar_inid_r9	-0.23458694234873775
las_delsd_inid_r9	0.089296703017975987
las_stu_inid_r9	-2.6270504332227578
orc_R_inid_r9	4
orc_sel_inid_r9_k1	1
orc_sel_inid_r9_k2	2
orc_sel_inid_r9_k3	3
orc_sel_inid_r9_k4	4
orc_coef_inid_r9_k1	1.0155627232067845
orc_coef_inid_r9_k2	0.97433029730555332
orc_coef_inid_r9_k3	1.0145277831626358
orc_coef_inid_r9_k4	1.0226621219561465
orc_bias_inid_r9	-0.13888437736471251
orc_rmse_inid_r9	0.55237268514282034
orc_delbar_inid_r9	-0.13888437736471251
orc_delsd_inid_r9	0.067319622344391025
orc_stu_inid_r9	-2.0630593655771476
fsns_R_inid_r10	7
fsns_sel_inid_r10_k1	1
fsns_sel_inid_r10_k2	2
fsns_sel_inid_r10_k3	3
fsns_sel_inid_r10_k4	4
fsns_sel_inid_r10_k5	7
fsns_sel_inid_r10_k6	38
fsns_sel_inid_r10_k7	48
lasns_R_inid_r10	7
lasns_sel_inid_r10_k1	1
lasns_sel_inid_r10_k2	2
lasns_sel_inid_r10_k3	3
lasns_sel_inid_r10_k4	4
lasns_sel_inid_r10_k5	17
lasns_sel_inid_r10_k6	22
lasns_sel_inid_r10_k7	48
fs_R_inid_r10	7
fs_sel_inid_r10_k1	1
fs_sel_inid_r10_k2	2
fs_sel_inid_r10_k3	3
fs_sel_inid_r10_k4	4
fs_sel_inid_r10_k5	7
fs_sel_inid_r10_k6	38
fs_sel_inid_r10_k7	48
fs_coef_inid_r10_k1	1.0044503845760622
fs_coef_inid_r10_k2	0.90159671003510966
fs_coef_inid_r10_k3	1.0695979359566063
fs_coef_inid_r10_k4	1.0797016528635608
fs_coef_inid_r10_k5	0.13561670693668945
fs_coef_inid_r10_k6	0.1330612612801528
fs_coef_inid_r10_k7	0.24290252993546241
fs_bias_inid_r10	0.031530502952301677
fs_rmse_inid_r10	0.73162188837594666
fs_delbar_inid_r10	0.031530502952301677
fs_delsd_inid_r10	0.1326405400763648
fs_stu_inid_r10	0.23771392165735075
las_R_inid_r10	7
las_sel_inid_r10_k1	1
las_sel_inid_r10_k2	2
las_sel_inid_r10_k3	3
las_sel_inid_r10_k4	4
las_sel_inid_r10_k5	17
las_sel_inid_r10_k6	22
las_sel_inid_r10_k7	48
las_coef_inid_r10_k1	0.85837441426596084
las_coef_inid_r10_k2	0.77383605528143606
las_coef_inid_r10_k3	0.92477034096086264
las_coef_inid_r10_k4	1.0275709971796028
las_coef_inid_r10_k5	0.080938837543709966
las_coef_inid_r10_k6	-0.048378609576917121
las_coef_inid_r10_k7	0.052005108054147153
las_bias_inid_r10	0.34369819866727369
las_rmse_inid_r10	0.74042417431767149
las_delbar_inid_r10	0.34369819866727369
las_delsd_inid_r10	0.099401390062128558
las_stu_inid_r10	3.4576800027892269
orc_R_inid_r10	4
orc_sel_inid_r10_k1	1
orc_sel_inid_r10_k2	2
orc_sel_inid_r10_k3	3
orc_sel_inid_r10_k4	4
orc_coef_inid_r10_k1	1.0210757144020355
orc_coef_inid_r10_k2	0.90026657362529361
orc_coef_inid_r10_k3	1.0545668652554723
orc_coef_inid_r10_k4	1.1263235220898375
orc_bias_inid_r10	0.054762777638390388
orc_rmse_inid_r10	0.55185663142431252
orc_delbar_inid_r10	0.054762777638390388
orc_delsd_inid_r10	0.063360169577657735
orc_stu_inid_r10	0.86430920250726428
fsns_R_nnd_r1	14
fsns_sel_nnd_r1_k1	1
fsns_sel_nnd_r1_k2	2
fsns_sel_nnd_r1_k3	3
fsns_sel_nnd_r1_k4	4
fsns_sel_nnd_r1_k5	6
fsns_sel_nnd_r1_k6	9
fsns_sel_nnd_r1_k7	11
fsns_sel_nnd_r1_k8	22
fsns_sel_nnd_r1_k9	27
fsns_sel_nnd_r1_k10	36
fsns_sel_nnd_r1_k11	45
fsns_sel_nnd_r1_k12	47
fsns_sel_nnd_r1_k13	48
fsns_sel_nnd_r1_k14	50
lasns_R_nnd_r1	9
lasns_sel_nnd_r1_k1	1
lasns_sel_nnd_r1_k2	2
lasns_sel_nnd_r1_k3	3
lasns_sel_nnd_r1_k4	4
lasns_sel_nnd_r1_k5	9
lasns_sel_nnd_r1_k6	20
lasns_sel_nnd_r1_k7	24
lasns_sel_nnd_r1_k8	31
lasns_sel_nnd_r1_k9	50
fs_R_nnd_r1	14
fs_sel_nnd_r1_k1	1
fs_sel_nnd_r1_k2	2
fs_sel_nnd_r1_k3	3
fs_sel_nnd_r1_k4	4
fs_sel_nnd_r1_k5	6
fs_sel_nnd_r1_k6	9
fs_sel_nnd_r1_k7	11
fs_sel_nnd_r1_k8	22
fs_sel_nnd_r1_k9	27
fs_sel_nnd_r1_k10	36
fs_sel_nnd_r1_k11	45
fs_sel_nnd_r1_k12	47
fs_sel_nnd_r1_k13	48
fs_sel_nnd_r1_k14	50
fs_coef_nnd_r1_k1	0.88977187366195065
fs_coef_nnd_r1_k2	0.89601274195165082
fs_coef_nnd_r1_k3	0.94797145345864375
fs_coef_nnd_r1_k4	0.68219755019044526
fs_coef_nnd_r1_k5	-0.36556377648445826
fs_coef_nnd_r1_k6	0.056136527601148289
fs_coef_nnd_r1_k7	0.33635332560163
fs_coef_nnd_r1_k8	0.17095852990952881
fs_coef_nnd_r1_k9	0.23858694046370443
fs_coef_nnd_r1_k10	0.13450176632424671
fs_coef_nnd_r1_k11	-0.026340091760586132
fs_coef_nnd_r1_k12	0.27192113866753959
fs_coef_nnd_r1_k13	-0.50958120306620591
fs_coef_nnd_r1_k14	0.24277229712271978
fs_bias_nnd_r1	0.16709559536929161
fs_rmse_nnd_r1	0.64323633060298302
fs_delbar_nnd_r1	0.16709559536929161
fs_delsd_nnd_r1	0.10322154112958518
fs_stu_nnd_r1	1.6188054696792253
las_R_nnd_r1	10
las_sel_nnd_r1_k1	1
las_sel_nnd_r1_k2	2
las_sel_nnd_r1_k3	3
las_sel_nnd_r1_k4	4
las_sel_nnd_r1_k5	9
las_sel_nnd_r1_k6	20
las_sel_nnd_r1_k7	24
las_sel_nnd_r1_k8	31
las_sel_nnd_r1_k9	32
las_sel_nnd_r1_k10	50
las_coef_nnd_r1_k1	0.80284586157282689
las_coef_nnd_r1_k2	0.47817198343217626
las_coef_nnd_r1_k3	0.63485027139564865
las_coef_nnd_r1_k4	0.56024696123839868
las_coef_nnd_r1_k5	0.19539296781489257
las_coef_nnd_r1_k6	0.07362448689121634
las_coef_nnd_r1_k7	0.23381170173798169
las_coef_nnd_r1_k8	0.14839811740863521
las_coef_nnd_r1_k9	0.01875344928734898
las_coef_nnd_r1_k10	0.088711864592621703
las_bias_nnd_r1	0.15157227199383425
las_rmse_nnd_r1	0.70486098811928444
las_delbar_nnd_r1	0.15157227199383425
las_delsd_nnd_r1	0.11123468199833128
las_stu_nnd_r1	1.3626350097904545
orc_R_nnd_r1	4
orc_sel_nnd_r1_k1	1
orc_sel_nnd_r1_k2	2
orc_sel_nnd_r1_k3	3
orc_sel_nnd_r1_k4	4
orc_coef_nnd_r1_k1	1.0717687308110408
orc_coef_nnd_r1_k2	0.97925241883987568
orc_coef_nnd_r1_k3	1.0135238997006175
orc_coef_nnd_r1_k4	0.80738530268840702
orc_bias_nnd_r1	0.10611671632577192
orc_rmse_nnd_r1	0.52046338460992281
orc_delbar_nnd_r1	0.10611671632577192
orc_delsd_nnd_r1	0.076708278808255898
orc_stu_nnd_r1	1.3833802292843373
fsns_R_nnd_r2	9
fsns_sel_nnd_r2_k1	1
fsns_sel_nnd_r2_k2	2
fsns_sel_nnd_r2_k3	3
fsns_sel_nnd_r2_k4	4
fsns_sel_nnd_r2_k5	14
fsns_sel_nnd_r2_k6	17
fsns_sel_nnd_r2_k7	24
fsns_sel_nnd_r2_k8	29
fsns_sel_nnd_r2_k9	31
lasns_R_nnd_r2	10
lasns_sel_nnd_r2_k1	1
lasns_sel_nnd_r2_k2	2
lasns_sel_nnd_r2_k3	3
lasns_sel_nnd_r2_k4	4
lasns_sel_nnd_r2_k5	14
lasns_sel_nnd_r2_k6	19
lasns_sel_nnd_r2_k7	20
lasns_sel_nnd_r2_k8	24
lasns_sel_nnd_r2_k9	25
lasns_sel_nnd_r2_k10	40
fs_R_nnd_r2	9
fs_sel_nnd_r2_k1	1
fs_sel_nnd_r2_k2	2
fs_sel_nnd_r2_k3	3
fs_sel_nnd_r2_k4	4
fs_sel_nnd_r2_k5	14
fs_sel_nnd_r2_k6	17
fs_sel_nnd_r2_k7	24
fs_sel_nnd_r2_k8	29
fs_sel_nnd_r2_k9	31
fs_coef_nnd_r2_k1	1.1074775566297659
fs_coef_nnd_r2_k2	1.0442287149297875
fs_coef_nnd_r2_k3	0.90251002396305979
fs_coef_nnd_r2_k4	0.61796788406003356
fs_coef_nnd_r2_k5	0.27397112960971814
fs_coef_nnd_r2_k6	0.33101570441135331
fs_coef_nnd_r2_k7	0.12519031936085182
fs_coef_nnd_r2_k8	-0.19399842633769385
fs_coef_nnd_r2_k9	-0.1326879587812482
fs_bias_nnd_r2	-0.2943381507070057
fs_rmse_nnd_r2	0.55176039196810445
fs_delbar_nnd_r2	-0.2943381507070057
fs_delsd_nnd_r2	0.069688189824399394
fs_stu_nnd_r2	-4.2236446584231881
las_R_nnd_r2	10
las_sel_nnd_r2_k1	1
las_sel_nnd_r2_k2	2
las_sel_nnd_r2_k3	3
las_sel_nnd_r2_k4	4
las_sel_nnd_r2_k5	14
las_sel_nnd_r2_k6	19
las_sel_nnd_r2_k7	20
las_sel_nnd_r2_k8	24
las_sel_nnd_r2_k9	25
las_sel_nnd_r2_k10	40
las_coef_nnd_r2_k1	0.88434344914432861
las_coef_nnd_r2_k2	0.6870427061295693
las_coef_nnd_r2_k3	0.6562168209323519
las_coef_nnd_r2_k4	0.66195161919463263
las_coef_nnd_r2_k5	0.18911766307831185
las_coef_nnd_r2_k6	0.045765591899150158
las_coef_nnd_r2_k7	0.1038786828738601
las_coef_nnd_r2_k8	0.17438555127813443
las_coef_nnd_r2_k9	0.064440351785016892
las_coef_nnd_r2_k10	0.15227075997663045
las_bias_nnd_r2	-0.18087189508677395
las_rmse_nnd_r2	0.52825166124610734
las_delbar_nnd_r2	-0.18087189508677395
las_delsd_nnd_r2	0.065625331118517649
las_stu_nnd_r2	-2.7561292568585141
orc_R_nnd_r2	4
orc_sel_nnd_r2_k1	1
orc_sel_nnd_r2_k2	2
orc_sel_nnd_r2_k3	3
orc_sel_nnd_r2_k4	4
orc_coef_nnd_r2_k1	1.0255858179419657
orc_coef_nnd_r2_k2	0.98473767768051412
orc_coef_nnd_r2_k3	1.006023640409212
orc_coef_nnd_r2_k4	0.88405458259070413
orc_bias_nnd_r2	-0.18847773439039014
orc_rmse_nnd_r2	0.40546788859290861
orc_delbar_nnd_r2	-0.18847773439039014
orc_delsd_nnd_r2	0.048010108551148248
orc_stu_nnd_r2	-3.925792714873634
fsns_R_nnd_r3	7
fsns_sel_nnd_r3_k1	1
fsns_sel_nnd_r3_k2	2
fsns_sel_nnd_r3_k3	3
fsns_sel_nnd_r3_k4	4
fsns_sel_nnd_r3_k5	9
fsns_sel_nnd_r3_k6	12
fsns_sel_nnd_r3_k7	24
lasns_R_nnd_r3	10
lasns_sel_nnd_r3_k1	1
lasns_sel_nnd_r3_k2	2
lasns_sel_nnd_r3_k3	3
lasns_sel_nnd_r3_k4	4
lasns_sel_nnd_r3_k5	9
lasns_sel_nnd_r3_k6	25
lasns_sel_nnd_r3_k7	27
lasns_sel_nnd_r3_k8	31
lasns_sel_nnd_r3_k9	32
lasns_sel_nnd_r3_k10	43
fs_R_nnd_r3	7
fs_sel_nnd_r3_k1	1
fs_sel_nnd_r3_k2	2
fs_sel_nnd_r3_k3	3
fs_sel_nnd_r3_k4	4
fs_sel_nnd_r3_k5	9
fs_sel_nnd_r3_k6	12
fs_sel_nnd_r3_k7	24
fs_coef_nnd_r3_k1	0.98971302130054839
fs_coef_nnd_r3_k2	0.88390018981977392
fs_coef_nnd_r3_k3	0.91903569143601516
fs_coef_nnd_r3_k4	1.0121113879252661
fs_coef_nnd_r3_k5	0.10212123240936033
fs_coef_nnd_r3_k6	-0.049222025801896052
fs_coef_nnd_r3_k7	9.1523315970953867e-05
fs_bias_nnd_r3	-0.057935617096947799
fs_rmse_nnd_r3	0.53010925402476305
fs_delbar_nnd_r3	-0.057935617096947799
fs_delsd_nnd_r3	0.098295992795975284
fs_stu_nnd_r3	-0.58939958231257583
las_R_nnd_r3	11
las_sel_nnd_r3_k1	1
las_sel_nnd_r3_k2	2
las_sel_nnd_r3_k3	3
las_sel_nnd_r3_k4	4
las_sel_nnd_r3_k5	9
las_sel_nnd_r3_k6	25
las_sel_nnd_r3_k7	27
las_sel_nnd_r3_k8	31
las_sel_nnd_r3_k9	32
las_sel_nnd_r3_k10	43
las_sel_nnd_r3_k11	50
las_coef_nnd_r3_k1	0.61558547181549772
las_coef_nnd_r3_k2	0.29003371155588498
las_coef_nnd_r3_k3	0.82171963006467386
las_coef_nnd_r3_k4	0.76511700307072694
las_coef_nnd_r3_k5	0.10249527493356661
las_coef_nnd_r3_k6	0.29606643897526297
las_coef_nnd_r3_k7	0.080947666515875719
las_coef_nnd_r3_k8	0.29500433949489524
las_coef_nnd_r3_k9	0.29005100630946673
las_coef_nnd_r3_k10	0.11452938114727472
las_coef_nnd_r3_k11	0.01031640211132453
las_bias_nnd_r3	-0.086129072774146331
las_rmse_nnd_r3	0.90855385764157603
las_delbar_nnd_r3	-0.086129072774146331
las_delsd_nnd_r3	0.15382168313735142
las_stu_nnd_r3	-0.55992803496526178
orc_R_nnd_r3	4
orc_sel_nnd_r3_k1	1
orc_sel_nnd_r3_k2	2
orc_sel_nnd_r3_k3	3
orc_sel_nnd_r3_k4	4
orc_coef_nnd_r3_k1	0.97364857553817352
orc_coef_nnd_r3_k2	0.97841841386159312
orc_coef_nnd_r3_k3	0.99815111650265098
orc_coef_nnd_r3_k4	1.1210762418862055
orc_bias_nnd_r3	-0.048255640018116226
orc_rmse_nnd_r3	0.53634635217626059
orc_delbar_nnd_r3	-0.048255640018116226
orc_delsd_nnd_r3	0.10128594625765072
orc_stu_nnd_r3	-0.47642976939134035
fsns_R_nnd_r4	4
fsns_sel_nnd_r4_k1	3
fsns_sel_nnd_r4_k2	24
fsns_sel_nnd_r4_k3	27
fsns_sel_nnd_r4_k4	33
lasns_R_nnd_r4	10
lasns_sel_nnd_r4_k1	1
lasns_sel_nnd_r4_k2	2
lasns_sel_nnd_r4_k3	3
lasns_sel_nnd_r4_k4	4
lasns_sel_nnd_r4_k5	19
lasns_sel_nnd_r4_k6	20
lasns_sel_nnd_r4_k7	23
lasns_sel_nnd_r4_k8	27
lasns_sel_nnd_r4_k9	37
lasns_sel_nnd_r4_k10	49
fs_R_nnd_r4	4
fs_sel_nnd_r4_k1	3
fs_sel_nnd_r4_k2	24
fs_sel_nnd_r4_k3	27
fs_sel_nnd_r4_k4	33
fs_coef_nnd_r4_k1	1.002593334637957
fs_coef_nnd_r4_k2	1.2808395532309622
fs_coef_nnd_r4_k3	0.37602140640436155
fs_coef_nnd_r4_k4	-1.1037225404851483
fs_bias_nnd_r4	0.016146716137842625
fs_rmse_nnd_r4	1.2052366733600604
fs_delbar_nnd_r4	0.016146716137842625
fs_delsd_nnd_r4	0.12797958727653616
fs_stu_nnd_r4	0.12616634012854777
las_R_nnd_r4	9
las_sel_nnd_r4_k1	1
las_sel_nnd_r4_k2	2
las_sel_nnd_r4_k3	3
las_sel_nnd_r4_k4	4
las_sel_nnd_r4_k5	20
las_sel_nnd_r4_k6	23
las_sel_nnd_r4_k7	27
las_sel_nnd_r4_k8	37
las_sel_nnd_r4_k9	49
las_coef_nnd_r4_k1	1.0502040796160947
las_coef_nnd_r4_k2	0.85597601596995188
las_coef_nnd_r4_k3	0.80454168632768408
las_coef_nnd_r4_k4	0.8369256835678095
las_coef_nnd_r4_k5	0.1059004913559351
las_coef_nnd_r4_k6	0.14244836201165409
las_coef_nnd_r4_k7	0.034053483676425703
las_coef_nnd_r4_k8	0.09218936725209767
las_coef_nnd_r4_k9	0.087587423183190086
las_bias_nnd_r4	0.02173949911997624
las_rmse_nnd_r4	0.53770473183995382
las_delbar_nnd_r4	0.02173949911997624
las_delsd_nnd_r4	0.099815798768767325
las_stu_nnd_r4	0.21779617443464869
orc_R_nnd_r4	4
orc_sel_nnd_r4_k1	1
orc_sel_nnd_r4_k2	2
orc_sel_nnd_r4_k3	3
orc_sel_nnd_r4_k4	4
orc_coef_nnd_r4_k1	1.0365538826870875
orc_coef_nnd_r4_k2	0.97298677037993253
orc_coef_nnd_r4_k3	1.0537073636594345
orc_coef_nnd_r4_k4	0.98516930650706369
orc_bias_nnd_r4	0.020131157966796438
orc_rmse_nnd_r4	0.54408222747361279
orc_delbar_nnd_r4	0.020131157966796438
orc_delsd_nnd_r4	0.11182855977491114
orc_stu_nnd_r4	0.1800180383912347
fsns_R_nnd_r5	13
fsns_sel_nnd_r5_k1	1
fsns_sel_nnd_r5_k2	2
fsns_sel_nnd_r5_k3	3
fsns_sel_nnd_r5_k4	4
fsns_sel_nnd_r5_k5	6
fsns_sel_nnd_r5_k6	21
fsns_sel_nnd_r5_k7	24
fsns_sel_nnd_r5_k8	26
fsns_sel_nnd_r5_k9	27
fsns_sel_nnd_r5_k10	33
fsns_sel_nnd_r5_k11	35
fsns_sel_nnd_r5_k12	45
fsns_sel_nnd_r5_k13	50
lasns_R_nnd_r5	8
lasns_sel_nnd_r5_k1	1
lasns_sel_nnd_r5_k2	2
lasns_sel_nnd_r5_k3	3
lasns_sel_nnd_r5_k4	4
lasns_sel_nnd_r5_k5	24
lasns_sel_nnd_r5_k6	27
lasns_sel_nnd_r5_k7	42
lasns_sel_nnd_r5_k8	43
fs_R_nnd_r5	13
fs_sel_nnd_r5_k1	1
fs_sel_nnd_r5_k2	2
fs_sel_nnd_r5_k3	3
fs_sel_nnd_r5_k4	4
fs_sel_nnd_r5_k5	6
fs_sel_nnd_r5_k6	21
fs_sel_nnd_r5_k7	24
fs_sel_nnd_r5_k8	26
fs_sel_nnd_r5_k9	27
fs_sel_nnd_r5_k10	33
fs_sel_nnd_r5_k11	35
fs_sel_nnd_r5_k12	45
fs_sel_nnd_r5_k13	50
fs_coef_nnd_r5_k1	1.1196985559129171
fs_coef_nnd_r5_k2	1.0209121648868995
fs_coef_nnd_r5_k3	0.91593880986451093
fs_coef_nnd_r5_k4	1.3407191828496479
fs_coef_nnd_r5_k5	-0.63247243358237826
fs_coef_nnd_r5_k6	0.31024142390402148
fs_coef_nnd_r5_k7	-0.0048721506945788584
fs_coef_nnd_r5_k8	0.27975286431738094
fs_coef_nnd_r5_k9	0.28375173944634341
fs_coef_nnd_r5_k10	-0.11378497244308085
fs_coef_nnd_r5_k11	0.25906777308981865
fs_coef_nnd_r5_k12	0.22571336503934936
fs_coef_nnd_r5_k13	-0.14458123028864095
fs_bias_nnd_r5	0.05423842015867425
fs_rmse_nnd_r5	0.67628801830804663
fs_delbar_nnd_r5	0.05423842015867425
fs_delsd_nnd_r5	0.073121787038800373
fs_stu_nnd_r5	0.74175457623722862
las_R_nnd_r5	9
las_sel_nnd_r5_k1	1
las_sel_nnd_r5_k2	2
las_sel_nnd_r5_k3	3
las_sel_nnd_r5_k4	4
las_sel_nnd_r5_k5	17
las_sel_nnd_r5_k6	24
las_sel_nnd_r5_k7	27
las_sel_nnd_r5_k8	42
las_sel_nnd_r5_k9	43
las_coef_nnd_r5_k1	0.82463787664456789
las_coef_nnd_r5_k2	0.86114126371642263
las_coef_nnd_r5_k3	0.91727468989227601
las_coef_nnd_r5_k4	1.0642529967835763
las_coef_nnd_r5_k5	0.00021193239460038014
las_coef_nnd_r5_k6	0.051115329588410204
las_coef_nnd_r5_k7	0.13622358617973729
las_coef_nnd_r5_k8	0.059613648022373567
las_coef_nnd_r5_k9	0.17272452259467022
las_bias_nnd_r5	0.10899910684326787
las_rmse_nnd_r5	0.52535522604406271
las_delbar_nnd_r5	0.10899910684326787
las_delsd_nnd_r5	0.071604775640718252
las_stu_nnd_r5	1.522232363245968
orc_R_nnd_r5	4
orc_sel_nnd_r5_k1	1
orc_sel_nnd_r5_k2	2
orc_sel_nnd_r5_k3	3
orc_sel_nnd_r5_k4	4
orc_coef_nnd_r5_k1	0.97765553121782411
orc_coef_nnd_r5_k2	0.98448768885607674
orc_coef_nnd_r5_k3	1.0035752896187768
orc_coef_nnd_r5_k4	1.0625400555913478
orc_bias_nnd_r5	0.11914148971493592
orc_rmse_nnd_r5	0.50108702494715252
orc_delbar_nnd_r5	0.11914148971493592
orc_delsd_nnd_r5	0.059993290866248848
orc_stu_nnd_r5	1.985913557910236
fsns_R_nnd_r6	4
fsns_sel_nnd_r6_k1	1
fsns_sel_nnd_r6_k2	9
fsns_sel_nnd_r6_k3	27
fsns_sel_nnd_r6_k4	48
lasns_R_nnd_r6	13
lasns_sel_nnd_r6_k1	1
lasns_sel_nnd_r6_k2	2
lasns_sel_nnd_r6_k3	3
lasns_sel_nnd_r6_k4	4
lasns_sel_nnd_r6_k5	6
lasns_sel_nnd_r6_k6	10
lasns_sel_nnd_r6_k7	14
lasns_sel_nnd_r6_k8	15
lasns_sel_nnd_r6_k9	20
lasns_sel_nnd_r6_k10	27
lasns_sel_nnd_r6_k11	29
lasns_sel_nnd_r6_k12	37
lasns_sel_nnd_r6_k13	46
fs_R_nnd_r6	4
fs_sel_nnd_r6_k1	1
fs_sel_nnd_r6_k2	9
fs_sel_nnd_r6_k3	27
fs_sel_nnd_r6_k4	48
fs_coef_nnd_r6_k1	1.0884830905503682
fs_coef_nnd_r6_k2	0.5616537098881389
fs_coef_nnd_r6_k3	0.55904977777594322
fs_coef_nnd_r6_k4	0.61729436791746317
fs_bias_nnd_r6	0.0050097363426920968
fs_rmse_nnd_r6	1.1294871746625568
fs_delbar_nnd_r6	0.0050097363426920968
fs_delsd_nnd_r6	0.1355788341113108
fs_stu_nnd_r6	0.036950725941330059
las_R_nnd_r6	17
las_sel_nnd_r6_k1	1
las_sel_nnd_r6_k2	2
las_sel_nnd_r6_k3	3
las_sel_nnd_r6_k4	4
las_sel_nnd_r6_k5	10
las_sel_nnd_r6_k6	14
las_sel_nnd_r6_k7	20
las_sel_nnd_r6_k8	22
las_sel_nnd_r6_k9	25
las_sel_nnd_r6_k10	27
las_sel_nnd_r6_k11	29
las_sel_nnd_r6_k12	31
las_sel_nnd_r6_k13	32
las_sel_nnd_r6_k14	37
las_sel_nnd_r6_k15	42
las_sel_nnd_r6_k16	46
las_sel_nnd_r6_k17	50
las_coef_nnd_r6_k1	0.89617323647437597
las_coef_nnd_r6_k2	0.48460128975376315
las_coef_nnd_r6_k3	0.68047549477718938
las_coef_nnd_r6_k4	0.59956618986487609
las_coef_nnd_r6_k5	-0.07215784883004589
las_coef_nnd_r6_k6	0.0013889997167902388
las_coef_nnd_r6_k7	0.048462505017021262
las_coef_nnd_r6_k8	0.041035010380645345
las_coef_nnd_r6_k9	0.0016474439749412817
las_coef_nnd_r6_k10	0.12948491755357078
las_coef_nnd_r6_k11	0.0002037550425125129
las_coef_nnd_r6_k12	0.140994824979881
las_coef_nnd_r6_k13	0.10971596739736662
las_coef_nnd_r6_k14	0.16905723240438755
las_coef_nnd_r6_k15	0.052581821805657826
las_coef_nnd_r6_k16	0.17747955093905776
las_coef_nnd_r6_k17	0.09274933587384708
las_bias_nnd_r6	-0.19588603168526136
las_rmse_nnd_r6	0.73324911236002832
las_delbar_nnd_r6	-0.19588603168526136
las_delsd_nnd_r6	0.11194632429838106
las_stu_nnd_r6	-1.7498210228247237
orc_R_nnd_r6	4
orc_sel_nnd_r6_k1	1
orc_sel_nnd_r6_k2	2
orc_sel_nnd_r6_k3	3
orc_sel_nnd_r6_k4	4
orc_coef_nnd_r6_k1	0.98755283511215275
orc_coef_nnd_r6_k2	1.034859808602334
orc_coef_nnd_r6_k3	0.98435480230760952
orc_coef_nnd_r6_k4	0.96165128403643862
orc_bias_nnd_r6	-0.17118928942499914
orc_rmse_nnd_r6	0.58758767736353446
orc_delbar_nnd_r6	-0.17118928942499914
orc_delsd_nnd_r6	0.091368968539585843
orc_stu_nnd_r6	-1.8736042680708487
fsns_R_nnd_r7	5
fsns_sel_nnd_r7_k1	6
fsns_sel_nnd_r7_k2	17
fsns_sel_nnd_r7_k3	24
fsns_sel_nnd_r7_k4	27
fsns_sel_nnd_r7_k5	42
lasns_R_nnd_r7	9
lasns_sel_nnd_r7_k1	1
lasns_sel_nnd_r7_k2	2
lasns_sel_nnd_r7_k3	3
lasns_sel_nnd_r7_k4	4
lasns_sel_nnd_r7_k5	6
lasns_sel_nnd_r7_k6	20
lasns_sel_nnd_r7_k7	24
lasns_sel_nnd_r7_k8	40
lasns_sel_nnd_r7_k9	42
fs_R_nnd_r7	5
fs_sel_nnd_r7_k1	6
fs_sel_nnd_r7_k2	17
fs_sel_nnd_r7_k3	24
fs_sel_nnd_r7_k4	27
fs_sel_nnd_r7_k5	42
fs_coef_nnd_r7_k1	0.7310697528453326
fs_coef_nnd_r7_k2	1.4556341097050676
fs_coef_nnd_r7_k3	0.33681963170296403
fs_coef_nnd_r7_k4	0.8194967261244539
fs_coef_nnd_r7_k5	0.97017576206359879
fs_bias_nnd_r7	0.049969679613903299
fs_rmse_nnd_r7	1.5639908992296332
fs_delbar_nnd_r7	0.049969679613903299
fs_delsd_nnd_r7	0.19875924097628961
fs_stu_nnd_r7	0.25140808230327405
las_R_nnd_r7	11
las_sel_nnd_r7_k1	1
las_sel_nnd_r7_k2	2
las_sel_nnd_r7_k3	3
las_sel_nnd_r7_k4	4
las_sel_nnd_r7_k5	5
las_sel_nnd_r7_k6	6
las_sel_nnd_r7_k7	10
las_sel_nnd_r7_k8	14
las_sel_nnd_r7_k9	18
las_sel_nnd_r7_k10	30
las_sel_nnd_r7_k11	42
las_coef_nnd_r7_k1	0.96806317305950318
las_coef_nnd_r7_k2	1.0159821682781001
las_coef_nnd_r7_k3	0.81146340757554047
las_coef_nnd_r7_k4	1.0042323776237176
las_coef_nnd_r7_k5	-0.022697155230267649
las_coef_nnd_r7_k6	0.026484075442363808
las_coef_nnd_r7_k7	-0.031777788883056421
las_coef_nnd_r7_k8	0.018629209432154136
las_coef_nnd_r7_k9	0.047292337624418444
las_coef_nnd_r7_k10	0.08555549760344322
las_coef_nnd_r7_k11	0.16665957648747851
las_bias_nnd_r7	0.022031680237664303
las_rmse_nnd_r7	0.53025636654888564
las_delbar_nnd_r7	0.022031680237664303
las_delsd_nnd_r7	0.068028002412085592
las_stu_nnd_r7	0.32386193121187751
orc_R_nnd_r7	4
orc_sel_nnd_r7_k1	1
orc_sel_nnd_r7_k2	2
orc_sel_nnd_r7_k3	3
orc_sel_nnd_r7_k4	4
orc_coef_nnd_r7_k1	0.97371788168709883
orc_coef_nnd_r7_k2	1.0164383351857698
orc_coef_nnd_r7_k3	0.97275780951987767
orc_coef_nnd_r7_k4	1.1720545867628671
orc_bias_nnd_r7	0.028823670515157083
orc_rmse_nnd_r7	0.5070700011142476
orc_delbar_nnd_r7	0.028823670515157083
orc_delsd_nnd_r7	0.066635443612371226
orc_stu_nnd_r7	0.43255764428955967
fsns_R_nnd_r8	7
fsns_sel_nnd_r8_k1	1
fsns_sel_nnd_r8_k2	2
fsns_sel_nnd_r8_k3	3
fsns_sel_nnd_r8_k4	4
fsns_sel_nnd_r8_k5	24
fsns_sel_nnd_r8_k6	28
fsns_sel_nnd_r8_k7	31
lasns_R_nnd_r8	10
lasns_sel_nnd_r8_k1	1
lasns_sel_nnd_r8_k2	2
lasns_sel_nnd_r8_k3	3
lasns_sel_nnd_r8_k4	4
lasns_sel_nnd_r8_k5	9
lasns_sel_nnd_r8_k6	12
lasns_sel_nnd_r8_k7	19
lasns_sel_nnd_r8_k8	20
lasns_sel_nnd_r8_k9	24
lasns_sel_nnd_r8_k10	27
fs_R_nnd_r8	7
fs_sel_nnd_r8_k1	1
fs_sel_nnd_r8_k2	2
fs_sel_nnd_r8_k3	3
fs_sel_nnd_r8_k4	4
fs_sel_nnd_r8_k5	24
fs_sel_nnd_r8_k6	28
fs_sel_nnd_r8_k7	31
fs_coef_nnd_r8_k1	0.94303144349535573
fs_coef_nnd_r8_k2	0.9519175817575104
fs_coef_nnd_r8_k3	1.049434601627339
fs_coef_nnd_r8_k4	0.87349834781045355
fs_coef_nnd_r8_k5	-0.025182002795217595
fs_coef_nnd_r8_k6	0.10900806711389238
fs_coef_nnd_r8_k7	0.044510664635189434
fs_bias_nnd_r8	0.029038767681988851
fs_rmse_nnd_r8	0.54642749940090951
fs_delbar_nnd_r8	0.029038767681988851
fs_delsd_nnd_r8	0.065889091773471201
fs_stu_nnd_r8	0.44072192984272812
las_R_nnd_r8	11
las_sel_nnd_r8_k1	1
las_sel_nnd_r8_k2	2
las_sel_nnd_r8_k3	3
las_sel_nnd_r8_k4	4
las_sel_nnd_r8_k5	12
las_sel_nnd_r8_k6	19
las_sel_nnd_r8_k7	20
las_sel_nnd_r8_k8	24
las_sel_nnd_r8_k9	27
las_sel_nnd_r8_k10	30
las_sel_nnd_r8_k11	32
las_coef_nnd_r8_k1	0.91654792836136023
las_coef_nnd_r8_k2	0.74186326618718013
las_coef_nnd_r8_k3	0.69422622220481267
las_coef_nnd_r8_k4	0.70403735719504723
las_coef_nnd_r8_k5	0.10612255151238581
las_coef_nnd_r8_k6	0.073156937592626953
las_coef_nnd_r8_k7	0.20457841818964637
las_coef_nnd_r8_k8	0.14250692889915381
las_coef_nnd_r8_k9	0.037417504563025068
las_coef_nnd_r8_k10	0.043065361286318778
las_coef_nnd_r8_k11	0.04922670145409757
las_bias_nnd_r8	-0.022058454298445041
las_rmse_nnd_r8	0.57642742351739196
las_delbar_nnd_r8	-0.022058454298445041
las_delsd_nnd_r8	0.063670881988294903
las_stu_nnd_r8	-0.34644493070631899
orc_R_nnd_r8	4
orc_sel_nnd_r8_k1	1
orc_sel_nnd_r8_k2	2
orc_sel_nnd_r8_k3	3
orc_sel_nnd_r8_k4	4
orc_coef_nnd_r8_k1	1.0346114727136795
orc_coef_nnd_r8_k2	0.98888873277189071
orc_coef_nnd_r8_k3	1.0232418571185926
orc_coef_nnd_r8_k4	0.95966574993299136
orc_bias_nnd_r8	0.022681386807263476
orc_rmse_nnd_r8	0.52196292276413925
orc_delbar_nnd_r8	0.022681386807263476
orc_delsd_nnd_r8	0.060134756517989857
orc_stu_nnd_r8	0.37717599805161151
fsns_R_nnd_r9	8
fsns_sel_nnd_r9_k1	1
fsns_sel_nnd_r9_k2	2
fsns_sel_nnd_r9_k3	3
fsns_sel_nnd_r9_k4	4
fsns_sel_nnd_r9_k5	24
fsns_sel_nnd_r9_k6	31
fsns_sel_nnd_r9_k7	36
fsns_sel_nnd_r9_k8	39
lasns_R_nnd_r9	14
lasns_sel_nnd_r9_k1	1
lasns_sel_nnd_r9_k2	2
lasns_sel_nnd_r9_k3	3
lasns_sel_nnd_r9_k4	4
lasns_sel_nnd_r9_k5	9
lasns_sel_nnd_r9_k6	12
lasns_sel_nnd_r9_k7	15
lasns_sel_nnd_r9_k8	16
lasns_sel_nnd_r9_k9	19
lasns_sel_nnd_r9_k10	27
lasns_sel_nnd_r9_k11	31
lasns_sel_nnd_r9_k12	39
lasns_sel_nnd_r9_k13	40
lasns_sel_nnd_r9_k14	42
fs_R_nnd_r9	8
fs_sel_nnd_r9_k1	1
fs_sel_nnd_r9_k2	2
fs_sel_nnd_r9_k3	3
fs_sel_nnd_r9_k4	4
fs_sel_nnd_r9_k5	24
fs_sel_nnd_r9_k6	31
fs_sel_nnd_r9_k7	36
fs_sel_nnd_r9_k8	39
fs_coef_nnd_r9_k1	0.86381101251565051
fs_coef_nnd_r9_k2	0.82189603609499473
fs_coef_nnd_r9_k3	0.82615023793331299
fs_coef_nnd_r9_k4	0.6968090745724822
fs_coef_nnd_r9_k5	-0.087821159346373023
fs_coef_nnd_r9_k6	0.28959270718315427
fs_coef_nnd_r9_k7	0.21930659474867165
fs_coef_nnd_r9_k8	0.13613985594013775
fs_bias_nnd_r9	-0.019134664273947881
fs_rmse_nnd_r9	0.64547816683779902
fs_delbar_nnd_r9	-0.019134664273947881
fs_delsd_nnd_r9	0.089718589750803115
fs_stu_nnd_r9	-0.21327424257442251
las_R_nnd_r9	13
las_sel_nnd_r9_k1	1
las_sel_nnd_r9_k2	2
las_sel_nnd_r9_k3	3
las_sel_nnd_r9_k4	4
las_sel_nnd_r9_k5	9
las_sel_nnd_r9_k6	12
las_sel_nnd_r9_k7	16
las_sel_nnd_r9_k8	19
las_sel_nnd_r9_k9	27
las_sel_nnd_r9_k10	31
las_sel_nnd_r9_k11	39
las_sel_nnd_r9_k12	40
las_sel_nnd_r9_k13	42
las_coef_nnd_r9_k1	0.615768680547089
las_coef_nnd_r9_k2	0.58031823397347249
las_coef_nnd_r9_k3	0.60668526049382987
las_coef_nnd_r9_k4	0.46871669299577889
las_coef_nnd_r9_k5	0.20621992752621224
las_coef_nnd_r9_k6	0.13916928101904008
las_coef_nnd_r9_k7	0.044422063223223306
las_coef_nnd_r9_k8	0.045491570450408442
las_coef_nnd_r9_k9	0.11362824341700491
las_coef_nnd_r9_k10	0.14711810563575886
las_coef_nnd_r9_k11	0.089434055081161645
las_coef_nnd_r9_k12	0.16642297068857193
las_coef_nnd_r9_k13	0.20021521167486361
las_bias_nnd_r9	0.067024151923132075
las_rmse_nnd_r9	0.7635688875086557
las_delbar_nnd_r9	0.067024151923132075
las_delsd_nnd_r9	0.10872752962055562
las_stu_nnd_r9	0.61644141237308803
orc_R_nnd_r9	4
orc_sel_nnd_r9_k1	1
orc_sel_nnd_r9_k2	2
orc_sel_nnd_r9_k3	3
orc_sel_nnd_r9_k4	4
orc_coef_nnd_r9_k1	1.0245401605569924
orc_coef_nnd_r9_k2	0.9890004327234333
orc_coef_nnd_r9_k3	1.0235594471182821
orc_coef_nnd_r9_k4	0.90104288279598899
orc_bias_nnd_r9	-0.024523339058942106
orc_rmse_nnd_r9	0.54800579212903355
orc_delbar_nnd_r9	-0.024523339058942106
orc_delsd_nnd_r9	0.083129235760831893
orc_stu_nnd_r9	-0.29500258043388389
fsns_R_nnd_r10	7
fsns_sel_nnd_r10_k1	1
fsns_sel_nnd_r10_k2	2
fsns_sel_nnd_r10_k3	3
fsns_sel_nnd_r10_k4	4
fsns_sel_nnd_r10_k5	6
fsns_sel_nnd_r10_k6	24
fsns_sel_nnd_r10_k7	31
lasns_R_nnd_r10	9
lasns_sel_nnd_r10_k1	1
lasns_sel_nnd_r10_k2	2
lasns_sel_nnd_r10_k3	3
lasns_sel_nnd_r10_k4	4
lasns_sel_nnd_r10_k5	12
lasns_sel_nnd_r10_k6	19
lasns_sel_nnd_r10_k7	25
lasns_sel_nnd_r10_k8	27
lasns_sel_nnd_r10_k9	32
fs_R_nnd_r10	7
fs_sel_nnd_r10_k1	1
fs_sel_nnd_r10_k2	2
fs_sel_nnd_r10_k3	3
fs_sel_nnd_r10_k4	4
fs_sel_nnd_r10_k5	6
fs_sel_nnd_r10_k6	24
fs_sel_nnd_r10_k7	31
fs_coef_nnd_r10_k1	0.94676172871539532
fs_coef_nnd_r10_k2	1.0024405687114442
fs_coef_nnd_r10_k3	1.051608741541795
fs_coef_nnd_r10_k4	1.138601594297876
fs_coef_nnd_r10_k5	-0.0077844957298932593
fs_coef_nnd_r10_k6	-0.034164996477335938
fs_coef_nnd_r10_k7	0.012162991373227936
fs_bias_nnd_r10	0.052194989336891665
fs_rmse_nnd_r10	0.39742948963231539
fs_delbar_nnd_r10	0.052194989336891665
fs_delsd_nnd_r10	0.06109115424493549
fs_stu_nnd_r10	0.85437883736201747
las_R_nnd_r10	9
las_sel_nnd_r10_k1	1
las_sel_nnd_r10_k2	2
las_sel_nnd_r10_k3	3
las_sel_nnd_r10_k4	4
las_sel_nnd_r10_k5	12
las_sel_nnd_r10_k6	19
las_sel_nnd_r10_k7	25
las_sel_nnd_r10_k8	27
las_sel_nnd_r10_k9	32
las_coef_nnd_r10_k1	0.7372636878723221
las_coef_nnd_r10_k2	0.78651046122218482
las_coef_nnd_r10_k3	0.84369641522880234
las_coef_nnd_r10_k4	0.92222236375796207
las_coef_nnd_r10_k5	0.18389552732456246
las_coef_nnd_r10_k6	0.10361288761953057
las_coef_nnd_r10_k7	0.13794432684316563
las_coef_nnd_r10_k8	0.16170813437636056
las_coef_nnd_r10_k9	0.09590103285660849
las_bias_nnd_r10	0.12166501709548977
las_rmse_nnd_r10	0.49692923129607247
las_delbar_nnd_r10	0.12166501709548977
las_delsd_nnd_r10	0.082858532148141248
las_stu_nnd_r10	1.4683462757699728
orc_R_nnd_r10	4
orc_sel_nnd_r10_k1	1
orc_sel_nnd_r10_k2	2
orc_sel_nnd_r10_k3	3
orc_sel_nnd_r10_k4	4
orc_coef_nnd_r10_k1	0.95747330517141549
orc_coef_nnd_r10_k2	0.99374756925581698
orc_coef_nnd_r10_k3	1.0161685299980661
orc_coef_nnd_r10_k4	1.0812295642843994
orc_bias_nnd_r10	0.062950988740117772
orc_rmse_nnd_r10	0.39556324427214318
orc_delbar_nnd_r10	0.062950988740117772
orc_delsd_nnd_r10	0.063239067926326387
orc_stu_nnd_r10	0.99544460100923327
