R version 4.3.3 (2024-02-29)
Platform: x86_64-pc-linux-gnu (64-bit)
Running under: Ubuntu 24.04.4 LTS

Matrix products: default
BLAS:   /usr/lib/x86_64-linux-gnu/blas/libblas.so.3.12.0 
LAPACK: /usr/lib/x86_64-linux-gnu/lapack/liblapack.so.3.12.0

locale:
 [1] LC_CTYPE=C.UTF-8    LC_NUMERIC=C        LC_TIME=C          
 [4] LC_COLLATE=C        LC_MONETARY=C       LC_MESSAGES=C      
 [7] LC_PAPER=C          LC_NAME=C           LC_ADDRESS=C       
[10] LC_TELEPHONE=C      LC_MEASUREMENT=C    LC_IDENTIFICATION=C

time zone: Etc/UTC
tzcode source: system (glibc)

attached base packages:
[1] stats     graphics  grDevices utils     datasets  methods   base     

other attached packages:
[1] Synth_1.1-10   quadprog_1.5-8 gmm_1.8        sandwich_3.1-0 mvtnorm_1.2-4 
[6] tidyr_1.3.1    dplyr_1.1.4    magrittr_2.0.3

loaded via a namespace (and not attached):
 [1] vctrs_0.6.5         cli_3.6.2           rlang_1.1.3        
 [4] purrr_1.0.2         generics_0.1.3      glue_1.7.0         
 [7] zoo_1.8-12          pracma_2.4.4        fansi_1.0.5        
[10] grid_4.3.3          tibble_3.2.1        lifecycle_1.0.4    
[13] numDeriv_2016.8-1.1 rgenoud_5.9-0.10    compiler_4.3.3     
[16] pkgconfig_2.0.3     kernlab_0.9-32      lattice_0.22-5     
[19] optimx_2023-10.21   nloptr_2.0.3        R6_2.5.1           
[22] tidyselect_1.2.0    utf8_1.2.4          pillar_1.9.0       
[25] withr_2.5.0        

== REFERENCE VALUES ==
n_reps	4
n_methods	8
true_ATE_normal	2
T_normal_r1	500
T0_normal_r1	250
nW_normal_r1	5
nZ_normal_r1	5
correctDR_phi_normal_r1	2.2138042976303649
correctDR_se_normal_r1	0.16608366184894718
correctDR_conv_normal_r1	0
correcth_phi_normal_r1	2.208208279132537
correcth_se_normal_r1	0.16403789668831692
correcth_conv_normal_r1	0
correctq_phi_normal_r1	2.2138047474773344
correctq_se_normal_r1	0.16363934272746505
correctq_conv_normal_r1	0
mishDR_phi_normal_r1	2.213800443243414
mishDR_se_normal_r1	0.16416766370289929
mishDR_conv_normal_r1	0
misqDR_phi_normal_r1	2.1743888975805983
misqDR_se_normal_r1	0.1745714112039462
misqDR_conv_normal_r1	1
mish_phi_normal_r1	2.2691538863421621
mish_se_normal_r1	0.21833998439234337
mish_conv_normal_r1	0
misq_phi_normal_r1	2.3015710854144023
misq_se_normal_r1	0.27081398320221423
misq_conv_normal_r1	1
OLS_phi_normal_r1	2.174898828528633
OLS_se_normal_r1	0.12557232009463665
OLS_conv_normal_r1	0
T_normal_r2	500
T0_normal_r2	250
nW_normal_r2	5
nZ_normal_r2	5
correctDR_phi_normal_r2	2.3879471632126785
correctDR_se_normal_r2	0.16777042996552186
correctDR_conv_normal_r2	0
correcth_phi_normal_r2	2.3887699564752443
correcth_se_normal_r2	0.16607107676240856
correcth_conv_normal_r2	0
correctq_phi_normal_r2	2.3879483104941306
correctq_se_normal_r2	0.16322983038061856
correctq_conv_normal_r2	0
mishDR_phi_normal_r2	2.3879473561648936
mishDR_se_normal_r2	0.16719216834080836
mishDR_conv_normal_r2	0
misqDR_phi_normal_r2	2.2650952215052729
misqDR_se_normal_r2	0.3058618248466658
misqDR_conv_normal_r2	1
mish_phi_normal_r2	2.1068113007423648
mish_se_normal_r2	0.21130091214636551
mish_conv_normal_r2	0
misq_phi_normal_r2	2.4021583555324781
misq_se_normal_r2	0.32013225513210347
misq_conv_normal_r2	1
OLS_phi_normal_r2	2.3409509497445926
OLS_se_normal_r2	0.11773575252572865
OLS_conv_normal_r2	0
T_normal_r3	500
T0_normal_r3	250
nW_normal_r3	5
nZ_normal_r3	5
correctDR_phi_normal_r3	1.9335695962767625
correctDR_se_normal_r3	0.16100069520673116
correctDR_conv_normal_r3	0
correcth_phi_normal_r3	1.9372319268842875
correcth_se_normal_r3	0.1599917134518192
correcth_conv_normal_r3	0
correctq_phi_normal_r3	1.9335680403625837
correctq_se_normal_r3	0.16074766818006345
correctq_conv_normal_r3	0
mishDR_phi_normal_r3	1.9335637178032572
mishDR_se_normal_r3	0.16169748820005886
mishDR_conv_normal_r3	0
misqDR_phi_normal_r3	1.8536084799668751
misqDR_se_normal_r3	0.19826284280517642
misqDR_conv_normal_r3	1
mish_phi_normal_r3	1.6815190314582522
mish_se_normal_r3	0.21079764568161635
mish_conv_normal_r3	0
misq_phi_normal_r3	1.9960426676413876
misq_se_normal_r3	0.24209572420947237
misq_conv_normal_r3	1
OLS_phi_normal_r3	2.109666441932899
OLS_se_normal_r3	0.10669621331040183
OLS_conv_normal_r3	0
T_normal_r4	500
T0_normal_r4	250
nW_normal_r4	5
nZ_normal_r4	5
correctDR_phi_normal_r4	1.777351687950101
correctDR_se_normal_r4	0.14998734484130294
correctDR_conv_normal_r4	0
correcth_phi_normal_r4	1.7792924603180882
correcth_se_normal_r4	0.14855297331247883
correcth_conv_normal_r4	0
correctq_phi_normal_r4	1.77735891196103
correctq_se_normal_r4	0.14528509686093563
correctq_conv_normal_r4	0
mishDR_phi_normal_r4	1.7773587144314431
mishDR_se_normal_r4	0.14542238232278454
mishDR_conv_normal_r4	0
misqDR_phi_normal_r4	1.7427397565110703
misqDR_se_normal_r4	0.164021140785196
misqDR_conv_normal_r4	1
mish_phi_normal_r4	1.936304127830657
mish_se_normal_r4	0.21056655972540939
mish_conv_normal_r4	0
misq_phi_normal_r4	2.1312419855198668
misq_se_normal_r4	0.2711037695987536
misq_conv_normal_r4	1
OLS_phi_normal_r4	1.9580999129823868
OLS_se_normal_r4	0.12126739930590273
OLS_conv_normal_r4	0
true_ATE_detrend	2
T_detrend_r1	500
T0_detrend_r1	250
nW_detrend_r1	5
nZ_detrend_r1	5
correctDR_phi_detrend_r1	2.0833989623906746
correctDR_se_detrend_r1	0.16594401873872835
correctDR_conv_detrend_r1	0
correcth_phi_detrend_r1	2.077248607030751
correcth_se_detrend_r1	0.16488462766247061
correcth_conv_detrend_r1	0
correctq_phi_detrend_r1	2.0833921514789178
correctq_se_detrend_r1	0.16505815163366863
correctq_conv_detrend_r1	0
mishDR_phi_detrend_r1	2.0833935862542337
mishDR_se_detrend_r1	0.16546688694221504
mishDR_conv_detrend_r1	0
misqDR_phi_detrend_r1	2.0619803903228564
misqDR_se_detrend_r1	0.17291748476045843
misqDR_conv_detrend_r1	1
mish_phi_detrend_r1	2.2807648208534075
mish_se_detrend_r1	0.21813231739849567
mish_conv_detrend_r1	0
misq_phi_detrend_r1	2.3843787267663745
misq_se_detrend_r1	0.26039165920813978
misq_conv_detrend_r1	1
OLS_phi_detrend_r1	2.129713967291829
OLS_se_detrend_r1	0.1256549171530513
OLS_conv_detrend_r1	0
T_detrend_r2	500
T0_detrend_r2	250
nW_detrend_r2	5
nZ_detrend_r2	5
correctDR_phi_detrend_r2	2.3852510602806736
correctDR_se_detrend_r2	0.16714126138169699
correctDR_conv_detrend_r2	0
correcth_phi_detrend_r2	2.3847017182799282
correcth_se_detrend_r2	0.16618461494955081
correcth_conv_detrend_r2	0
correctq_phi_detrend_r2	2.3852578737438308
correctq_se_detrend_r2	0.16270701291534939
correctq_conv_detrend_r2	0
mishDR_phi_detrend_r2	2.385251165764934
mishDR_se_detrend_r2	0.16704741122336711
mishDR_conv_detrend_r2	0
misqDR_phi_detrend_r2	2.2770916628551112
misqDR_se_detrend_r2	0.29707417359829358
misqDR_conv_detrend_r2	1
mish_phi_detrend_r2	2.1068700239653544
mish_se_detrend_r2	0.21131854953909293
mish_conv_detrend_r2	0
misq_phi_detrend_r2	2.4189270170963257
misq_se_detrend_r2	0.34357329613782711
misq_conv_detrend_r2	1
OLS_phi_detrend_r2	2.3318181517212699
OLS_se_detrend_r2	0.11734610356189111
OLS_conv_detrend_r2	0
T_detrend_r3	500
T0_detrend_r3	250
nW_detrend_r3	5
nZ_detrend_r3	5
correctDR_phi_detrend_r3	1.794849655904351
correctDR_se_detrend_r3	0.16621108036947096
correctDR_conv_detrend_r3	0
correcth_phi_detrend_r3	1.8037735969664972
correcth_se_detrend_r3	0.16545814714053866
correcth_conv_detrend_r3	0
correctq_phi_detrend_r3	1.7948547493358924
correctq_se_detrend_r3	0.16638601075816839
correctq_conv_detrend_r3	0
mishDR_phi_detrend_r3	1.794845306687425
mishDR_se_detrend_r3	0.16647991528460962
mishDR_conv_detrend_r3	0
misqDR_phi_detrend_r3	1.7426892049804736
misqDR_se_detrend_r3	0.20218722441306203
misqDR_conv_detrend_r3	1
mish_phi_detrend_r3	1.6752388925389923
mish_se_detrend_r3	0.21445262034943033
mish_conv_detrend_r3	0
misq_phi_detrend_r3	2.079769651889416
misq_se_detrend_r3	0.25175577130891835
misq_conv_detrend_r3	1
OLS_phi_detrend_r3	2.0341685984982054
OLS_se_detrend_r3	0.10835752273974152
OLS_conv_detrend_r3	0
T_detrend_r4	500
T0_detrend_r4	250
nW_detrend_r4	5
nZ_detrend_r4	5
correctDR_phi_detrend_r4	1.8291709101323275
correctDR_se_detrend_r4	0.14974859850422201
correctDR_conv_detrend_r4	0
correcth_phi_detrend_r4	1.8308448170569147
correcth_se_detrend_r4	0.14743383506061664
correcth_conv_detrend_r4	0
correctq_phi_detrend_r4	1.8291817893576705
correctq_se_detrend_r4	0.14478373068816125
correctq_conv_detrend_r4	0
mishDR_phi_detrend_r4	1.8291668515153017
mishDR_se_detrend_r4	0.14504562500423199
mishDR_conv_detrend_r4	0
misqDR_phi_detrend_r4	1.7818147218866081
misqDR_se_detrend_r4	0.1657439352583725
misqDR_conv_detrend_r4	1
mish_phi_detrend_r4	1.9296678401482106
mish_se_detrend_r4	0.21075496758285908
mish_conv_detrend_r4	0
misq_phi_detrend_r4	2.1689310824764996
misq_se_detrend_r4	0.26838874510118405
misq_conv_detrend_r4	1
OLS_phi_detrend_r4	1.9490639466044306
OLS_se_detrend_r4	0.12108739709059396
OLS_conv_detrend_r4	0
true_ATE_nonstationary	2
T_nonstationary_r1	500
T0_nonstationary_r1	250
nW_nonstationary_r1	5
nZ_nonstationary_r1	5
correctDR_phi_nonstationary_r1	2.1858274216605831
correctDR_se_nonstationary_r1	0.18367589118257657
correctDR_conv_nonstationary_r1	0
correcth_phi_nonstationary_r1	2.1951816721580584
correcth_se_nonstationary_r1	0.17926554700032721
correcth_conv_nonstationary_r1	0
correctq_phi_nonstationary_r1	2.185833525989469
correctq_se_nonstationary_r1	0.18585778223388336
correctq_conv_nonstationary_r1	0
mishDR_phi_nonstationary_r1	2.1858267908727886
mishDR_se_nonstationary_r1	0.18011234661579184
mishDR_conv_nonstationary_r1	0
misqDR_phi_nonstationary_r1	2.1734834025518737
misqDR_se_nonstationary_r1	0.21484424029877675
misqDR_conv_nonstationary_r1	1
mish_phi_nonstationary_r1	2.2840413293606407
mish_se_nonstationary_r1	0.21920147196055317
mish_conv_nonstationary_r1	0
misq_phi_nonstationary_r1	2.3741031184010133
misq_se_nonstationary_r1	0.27818885331681092
misq_conv_nonstationary_r1	1
OLS_phi_nonstationary_r1	2.1757003437143285
OLS_se_nonstationary_r1	0.13832316748197676
OLS_conv_nonstationary_r1	0
T_nonstationary_r2	500
T0_nonstationary_r2	250
nW_nonstationary_r2	5
nZ_nonstationary_r2	5
correctDR_phi_nonstationary_r2	2.3214017156274642
correctDR_se_nonstationary_r2	0.19277574080177554
correctDR_conv_nonstationary_r2	0
correcth_phi_nonstationary_r2	2.3235582984909704
correcth_se_nonstationary_r2	0.19329575258925705
correcth_conv_nonstationary_r2	0
correctq_phi_nonstationary_r2	2.3214030036101549
correctq_se_nonstationary_r2	0.20058884351769968
correctq_conv_nonstationary_r2	0
mishDR_phi_nonstationary_r2	2.3214002223666088
mishDR_se_nonstationary_r2	0.17430886933417811
mishDR_conv_nonstationary_r2	0
misqDR_phi_nonstationary_r2	2.193105814005889
misqDR_se_nonstationary_r2	0.247260854356365
misqDR_conv_nonstationary_r2	1
mish_phi_nonstationary_r2	2.1105081423393628
mish_se_nonstationary_r2	0.21318046306176514
mish_conv_nonstationary_r2	0
misq_phi_nonstationary_r2	2.2556840708775177
misq_se_nonstationary_r2	0.24231165480437392
misq_conv_nonstationary_r2	1
OLS_phi_nonstationary_r2	2.3380641329645289
OLS_se_nonstationary_r2	0.13216558793656638
OLS_conv_nonstationary_r2	0
T_nonstationary_r3	500
T0_nonstationary_r3	250
nW_nonstationary_r3	5
nZ_nonstationary_r3	5
correctDR_phi_nonstationary_r3	1.9537037574549125
correctDR_se_nonstationary_r3	0.16848685160431551
correctDR_conv_nonstationary_r3	0
correcth_phi_nonstationary_r3	1.9537231711358187
correcth_se_nonstationary_r3	0.16640314208977416
correcth_conv_nonstationary_r3	0
correctq_phi_nonstationary_r3	1.9537034246905829
correctq_se_nonstationary_r3	0.18314960827854151
correctq_conv_nonstationary_r3	0
mishDR_phi_nonstationary_r3	1.9537027191512097
mishDR_se_nonstationary_r3	0.16580502046519568
mishDR_conv_nonstationary_r3	0
misqDR_phi_nonstationary_r3	1.9519300177296957
misqDR_se_nonstationary_r3	0.1965826039182712
misqDR_conv_nonstationary_r3	0
mish_phi_nonstationary_r3	1.7057707892604557
mish_se_nonstationary_r3	0.20812398420085998
mish_conv_nonstationary_r3	0
misq_phi_nonstationary_r3	2.1797887373800182
misq_se_nonstationary_r3	0.23353195679581937
misq_conv_nonstationary_r3	1
OLS_phi_nonstationary_r3	2.0813280216465282
OLS_se_nonstationary_r3	0.12490235077569013
OLS_conv_nonstationary_r3	0
T_nonstationary_r4	500
T0_nonstationary_r4	250
nW_nonstationary_r4	5
nZ_nonstationary_r4	5
correctDR_phi_nonstationary_r4	1.8329623639396497
correctDR_se_nonstationary_r4	0.17858643000791108
correctDR_conv_nonstationary_r4	0
correcth_phi_nonstationary_r4	1.8298550407410523
correcth_se_nonstationary_r4	0.1695186867355272
correcth_conv_nonstationary_r4	0
correctq_phi_nonstationary_r4	1.8329566588200885
correctq_se_nonstationary_r4	0.19081897979379209
correctq_conv_nonstationary_r4	0
mishDR_phi_nonstationary_r4	1.8329613187163785
mishDR_se_nonstationary_r4	0.18039083490863261
mishDR_conv_nonstationary_r4	0
misqDR_phi_nonstationary_r4	1.9044474236588087
misqDR_se_nonstationary_r4	0.17188391012989154
misqDR_conv_nonstationary_r4	1
mish_phi_nonstationary_r4	1.9365581952637776
mish_se_nonstationary_r4	0.21958477836231916
mish_conv_nonstationary_r4	0
misq_phi_nonstationary_r4	2.1600044901111546
misq_se_nonstationary_r4	0.25382741337312054
misq_conv_nonstationary_r4	1
OLS_phi_nonstationary_r4	1.9289109612762516
OLS_se_nonstationary_r4	0.14603260999062606
OLS_conv_nonstationary_r4	0
true_ATE_just_identified	2
T_just_identified_r1	500
T0_just_identified_r1	250
nW_just_identified_r1	2
nZ_just_identified_r1	2
correctDR_phi_just_identified_r1	1.8986760205290121
correctDR_se_just_identified_r1	0.10750776885305692
correctDR_conv_just_identified_r1	0
correcth_phi_just_identified_r1	1.9063895217576541
correcth_se_just_identified_r1	0.10191257323423587
correcth_conv_just_identified_r1	0
correctq_phi_just_identified_r1	1.8986760287948634
correctq_se_just_identified_r1	0.10551209588620872
correctq_conv_just_identified_r1	0
mishDR_phi_just_identified_r1	1.8986760389146808
mishDR_se_just_identified_r1	0.11151877670003944
mishDR_conv_just_identified_r1	0
misqDR_phi_just_identified_r1	1.9600959765571906
misqDR_se_just_identified_r1	0.11720824024520314
misqDR_conv_just_identified_r1	0
mish_phi_just_identified_r1	1.0947755208519696
mish_se_just_identified_r1	0.15932096484028002
mish_conv_just_identified_r1	0
misq_phi_just_identified_r1	1.2645625489700951
misq_se_just_identified_r1	0.18130747250288431
misq_conv_just_identified_r1	0
OLS_phi_just_identified_r1	2.0646748536889694
OLS_se_just_identified_r1	0.070049847142241245
OLS_conv_just_identified_r1	0
T_just_identified_r2	500
T0_just_identified_r2	250
nW_just_identified_r2	2
nZ_just_identified_r2	2
correctDR_phi_just_identified_r2	2.0952239959140702
correctDR_se_just_identified_r2	0.13039762891771811
correctDR_conv_just_identified_r2	0
correcth_phi_just_identified_r2	2.1371888859088384
correcth_se_just_identified_r2	0.10107730714653332
correcth_conv_just_identified_r2	0
correctq_phi_just_identified_r2	2.0952239931578962
correctq_se_just_identified_r2	0.13103086486955112
correctq_conv_just_identified_r2	0
mishDR_phi_just_identified_r2	2.0952241329827279
mishDR_se_just_identified_r2	0.12819310378178736
mishDR_conv_just_identified_r2	0
misqDR_phi_just_identified_r2	2.135315285177076
misqDR_se_just_identified_r2	0.10615075175610289
misqDR_conv_just_identified_r2	0
mish_phi_just_identified_r2	1.1145893890867065
mish_se_just_identified_r2	0.16274602273355004
mish_conv_just_identified_r2	0
misq_phi_just_identified_r2	1.0957073539749096
misq_se_just_identified_r2	0.16870865268387911
misq_conv_just_identified_r2	0
OLS_phi_just_identified_r2	2.1397196137298922
OLS_se_just_identified_r2	0.066693402231254598
OLS_conv_just_identified_r2	0
T_just_identified_r3	500
T0_just_identified_r3	250
nW_just_identified_r3	2
nZ_just_identified_r3	2
correctDR_phi_just_identified_r3	1.8823482757023897
correctDR_se_just_identified_r3	0.10810611873493778
correctDR_conv_just_identified_r3	0
correcth_phi_just_identified_r3	1.9394045838238863
correcth_se_just_identified_r3	0.09777204365957208
correcth_conv_just_identified_r3	0
correctq_phi_just_identified_r3	1.8823483676635993
correctq_se_just_identified_r3	0.10732762089660645
correctq_conv_just_identified_r3	0
mishDR_phi_just_identified_r3	1.8823482608578488
mishDR_se_just_identified_r3	0.11023564350366195
mishDR_conv_just_identified_r3	0
misqDR_phi_just_identified_r3	1.8843836273818297
misqDR_se_just_identified_r3	0.10500040443976399
misqDR_conv_just_identified_r3	0
mish_phi_just_identified_r3	1.2356502098939441
mish_se_just_identified_r3	0.1421481235160616
mish_conv_just_identified_r3	0
misq_phi_just_identified_r3	1.2074151252271319
misq_se_just_identified_r3	0.14738700318300157
misq_conv_just_identified_r3	0
OLS_phi_just_identified_r3	2.0749886840137264
OLS_se_just_identified_r3	0.067623307718661596
OLS_conv_just_identified_r3	0
T_just_identified_r4	500
T0_just_identified_r4	250
nW_just_identified_r4	2
nZ_just_identified_r4	2
correctDR_phi_just_identified_r4	2.0708420910210084
correctDR_se_just_identified_r4	0.12459422728691762
correctDR_conv_just_identified_r4	0
correcth_phi_just_identified_r4	2.0501963617956989
correcth_se_just_identified_r4	0.10551737740488777
correcth_conv_just_identified_r4	0
correctq_phi_just_identified_r4	2.0708421617250159
correctq_se_just_identified_r4	0.12351739630415769
correctq_conv_just_identified_r4	0
mishDR_phi_just_identified_r4	2.0708420722885816
mishDR_se_just_identified_r4	0.12365308199749873
mishDR_conv_just_identified_r4	0
misqDR_phi_just_identified_r4	2.0855981669794201
misqDR_se_just_identified_r4	0.11425814840388845
misqDR_conv_just_identified_r4	0
mish_phi_just_identified_r4	0.93883902260361585
mish_se_just_identified_r4	0.15706535542233516
mish_conv_just_identified_r4	0
misq_phi_just_identified_r4	0.97272068127191669
misq_se_just_identified_r4	0.16451821327913796
misq_conv_just_identified_r4	0
OLS_phi_just_identified_r4	1.9932279657092402
OLS_se_just_identified_r4	0.062472676976483212
OLS_conv_just_identified_r4	0
true_ATE_over_identified	2
T_over_identified_r1	500
T0_over_identified_r1	250
nW_over_identified_r1	5
nZ_over_identified_r1	10
correctDR_phi_over_identified_r1	1.5644518588709855
correctDR_se_over_identified_r1	0.27901603557023874
correctDR_conv_over_identified_r1	0
correcth_phi_over_identified_r1	1.8779830812838201
correcth_se_over_identified_r1	0.18868567443987069
correcth_conv_over_identified_r1	0
correctq_phi_over_identified_r1	1.4585059981191246
correctq_se_over_identified_r1	0.25464761238867573
correctq_conv_over_identified_r1	0
mishDR_phi_over_identified_r1	1.4516386653299986
mishDR_se_over_identified_r1	0.30662284224217717
mishDR_conv_over_identified_r1	0
misqDR_phi_over_identified_r1	1.911638200371079
misqDR_se_over_identified_r1	0.18863767087161967
misqDR_conv_over_identified_r1	0
mish_phi_over_identified_r1	-0.30003752693528679
mish_se_over_identified_r1	0.24466758889884138
mish_conv_over_identified_r1	0
misq_phi_over_identified_r1	-0.29521955055799537
misq_se_over_identified_r1	0.23291040475432884
misq_conv_over_identified_r1	0
OLS_phi_over_identified_r1	2.0592813417689815
OLS_se_over_identified_r1	0.080253848104373096
OLS_conv_over_identified_r1	0
T_over_identified_r2	500
T0_over_identified_r2	250
nW_over_identified_r2	5
nZ_over_identified_r2	10
correctDR_phi_over_identified_r2	1.7094918596935942
correctDR_se_over_identified_r2	0.22907212909801195
correctDR_conv_over_identified_r2	0
correcth_phi_over_identified_r2	2.0492620029709663
correcth_se_over_identified_r2	0.18758140637895798
correcth_conv_over_identified_r2	0
correctq_phi_over_identified_r2	1.7444795013467183
correctq_se_over_identified_r2	0.21043065850752218
correctq_conv_over_identified_r2	0
mishDR_phi_over_identified_r2	1.7749875373590318
mishDR_se_over_identified_r2	0.20952818991335917
mishDR_conv_over_identified_r2	0
misqDR_phi_over_identified_r2	2.098562633769399
misqDR_se_over_identified_r2	0.19438973606044721
misqDR_conv_over_identified_r2	0
mish_phi_over_identified_r2	0.28884993943169995
mish_se_over_identified_r2	0.23343503842210278
mish_conv_over_identified_r2	0
misq_phi_over_identified_r2	0.2309841547049809
misq_se_over_identified_r2	0.23610281141601325
misq_conv_over_identified_r2	0
OLS_phi_over_identified_r2	2.2083743698852332
OLS_se_over_identified_r2	0.074437186000821498
OLS_conv_over_identified_r2	0
T_over_identified_r3	500
T0_over_identified_r3	250
nW_over_identified_r3	5
nZ_over_identified_r3	10
correctDR_phi_over_identified_r3	2.0473346313594041
correctDR_se_over_identified_r3	0.22086963232228132
correctDR_conv_over_identified_r3	0
correcth_phi_over_identified_r3	2.1919929165406917
correcth_se_over_identified_r3	0.19679406382123549
correcth_conv_over_identified_r3	0
correctq_phi_over_identified_r3	1.9500927479679542
correctq_se_over_identified_r3	0.21131887557547421
correctq_conv_over_identified_r3	0
mishDR_phi_over_identified_r3	1.915568228488119
mishDR_se_over_identified_r3	0.20543944527450489
mishDR_conv_over_identified_r3	0
misqDR_phi_over_identified_r3	2.2075780373336737
misqDR_se_over_identified_r3	0.20828850865182047
misqDR_conv_over_identified_r3	0
mish_phi_over_identified_r3	0.0049150070075843454
mish_se_over_identified_r3	0.2962212122780174
mish_conv_over_identified_r3	0
misq_phi_over_identified_r3	-0.19794118541944694
misq_se_over_identified_r3	0.32575385572123672
misq_conv_over_identified_r3	0
OLS_phi_over_identified_r3	2.1897035164903795
OLS_se_over_identified_r3	0.085014812288614419
OLS_conv_over_identified_r3	0
T_over_identified_r4	500
T0_over_identified_r4	250
nW_over_identified_r4	5
nZ_over_identified_r4	10
correctDR_phi_over_identified_r4	2.0969885565440185
correctDR_se_over_identified_r4	0.19235730403545562
correctDR_conv_over_identified_r4	0
correcth_phi_over_identified_r4	1.8933821387138958
correcth_se_over_identified_r4	0.1616407950271439
correcth_conv_over_identified_r4	0
correctq_phi_over_identified_r4	2.0593330788571147
correctq_se_over_identified_r4	0.18944215447397361
correctq_conv_over_identified_r4	0
mishDR_phi_over_identified_r4	1.9333516612159769
mishDR_se_over_identified_r4	0.21664140536804155
mishDR_conv_over_identified_r4	0
misqDR_phi_over_identified_r4	1.8450066887885839
misqDR_se_over_identified_r4	0.17857677052066739
misqDR_conv_over_identified_r4	0
mish_phi_over_identified_r4	0.024110827971319599
mish_se_over_identified_r4	0.24239232786680726
mish_conv_over_identified_r4	0
misq_phi_over_identified_r4	0.1495469929625286
misq_se_over_identified_r4	0.24368379881844424
misq_conv_over_identified_r4	0
OLS_phi_over_identified_r4	2.0727754901484623
OLS_se_over_identified_r4	0.081359382973698546
OLS_conv_over_identified_r4	0
true_ATE_select_donor	2
T_select_donor_r1	500
T0_select_donor_r1	250
nW_select_donor_r1	2
nZ_select_donor_r1	2
correctDR_phi_select_donor_r1	1.9406423241186994
correctDR_se_select_donor_r1	0.12082774807125704
correctDR_conv_select_donor_r1	0
correcth_phi_select_donor_r1	1.9185175122648539
correcth_se_select_donor_r1	0.10209898399654554
correcth_conv_select_donor_r1	0
correctq_phi_select_donor_r1	1.9406423237119177
correctq_se_select_donor_r1	0.12106085299895825
correctq_conv_select_donor_r1	0
mishDR_phi_select_donor_r1	20.252397516132575
mishDR_se_select_donor_r1	825.26950959983901
mishDR_conv_select_donor_r1	0
misqDR_phi_select_donor_r1	2.074001411340141
misqDR_se_select_donor_r1	93.254391146913889
misqDR_conv_select_donor_r1	0
mish_phi_select_donor_r1	426.69620652417728
mish_se_select_donor_r1	18739.93137637059
mish_conv_select_donor_r1	0
misq_phi_select_donor_r1	2.7572502744120038
misq_se_select_donor_r1	120.56601681899508
misq_conv_select_donor_r1	0
OLS_phi_select_donor_r1	2.0567324765987669
OLS_se_select_donor_r1	0.076553973948231407
OLS_conv_select_donor_r1	0
T_select_donor_r2	500
T0_select_donor_r2	250
nW_select_donor_r2	2
nZ_select_donor_r2	2
correctDR_phi_select_donor_r2	9.82189550894695
correctDR_se_select_donor_r2	103977.27617990384
correctDR_conv_select_donor_r2	0
correcth_phi_select_donor_r2	15.003889975080153
correcth_se_select_donor_r2	17.178069052787659
correcth_conv_select_donor_r2	0
correctq_phi_select_donor_r2	1.9670335084014143
correctq_se_select_donor_r2	62.500020876262994
correctq_conv_select_donor_r2	0
mishDR_phi_select_donor_r2	6.3310004117032692
mishDR_se_select_donor_r2	20.660703018013017
mishDR_conv_select_donor_r2	0
misqDR_phi_select_donor_r2	6.8614693836573926
misqDR_se_select_donor_r2	22.589552063638294
misqDR_conv_select_donor_r2	0
mish_phi_select_donor_r2	14.142690837526184
mish_se_select_donor_r2	12.663850530723675
mish_conv_select_donor_r2	0
misq_phi_select_donor_r2	1.8750241509936005
misq_se_select_donor_r2	0.24074965685362251
misq_conv_select_donor_r2	0
OLS_phi_select_donor_r2	2.5761972426183228
OLS_se_select_donor_r2	0.085330077584288525
OLS_conv_select_donor_r2	0
T_select_donor_r3	500
T0_select_donor_r3	250
nW_select_donor_r3	2
nZ_select_donor_r3	2
correctDR_phi_select_donor_r3	1.853285055539847
correctDR_se_select_donor_r3	0.10245770533175869
correctDR_conv_select_donor_r3	0
correcth_phi_select_donor_r3	1.9429072447018465
correcth_se_select_donor_r3	0.097440346364602942
correcth_conv_select_donor_r3	0
correctq_phi_select_donor_r3	1.8532850735280204
correctq_se_select_donor_r3	0.10103735549340587
correctq_conv_select_donor_r3	0
mishDR_phi_select_donor_r3	1.8532850553987008
mishDR_se_select_donor_r3	0.10191650981601616
mishDR_conv_select_donor_r3	0
misqDR_phi_select_donor_r3	1.9171479815533485
misqDR_se_select_donor_r3	0.11100745381273769
misqDR_conv_select_donor_r3	0
mish_phi_select_donor_r3	1.2356502098939441
mish_se_select_donor_r3	0.1421481235160616
mish_conv_select_donor_r3	0
misq_phi_select_donor_r3	1.2074151252271319
misq_se_select_donor_r3	0.14738700318300157
misq_conv_select_donor_r3	0
OLS_phi_select_donor_r3	2.0668160655265542
OLS_se_select_donor_r3	0.068257551201628908
OLS_conv_select_donor_r3	0
T_select_donor_r4	500
T0_select_donor_r4	250
nW_select_donor_r4	2
nZ_select_donor_r4	2
correctDR_phi_select_donor_r4	1.9817217441398058
correctDR_se_select_donor_r4	0.11560535276369882
correctDR_conv_select_donor_r4	0
correcth_phi_select_donor_r4	1.9570231092107548
correcth_se_select_donor_r4	0.10216035403827405
correcth_conv_select_donor_r4	0
correctq_phi_select_donor_r4	1.9817217231575852
correctq_se_select_donor_r4	0.11272628752988328
correctq_conv_select_donor_r4	0
mishDR_phi_select_donor_r4	1.9817217355393935
mishDR_se_select_donor_r4	0.11533657629299775
mishDR_conv_select_donor_r4	0
misqDR_phi_select_donor_r4	1.954265745633939
misqDR_se_select_donor_r4	0.10791284881873446
misqDR_conv_select_donor_r4	0
mish_phi_select_donor_r4	1.1776517149096077
mish_se_select_donor_r4	0.17414727098271007
mish_conv_select_donor_r4	0
misq_phi_select_donor_r4	1.1798119625579693
misq_se_select_donor_r4	0.20233465674177198
misq_conv_select_donor_r4	0
OLS_phi_select_donor_r4	1.9742738721763329
OLS_se_select_donor_r4	0.065955050427481357
OLS_conv_select_donor_r4	0
true_ATE_short_post	2
T_short_post_r1	500
T0_short_post_r1	478
nW_short_post_r1	5
nZ_short_post_r1	5
correctDR_phi_short_post_r1	1.4764491121009231
correctDR_se_short_post_r1	0.23864194620716864
correctDR_conv_short_post_r1	0
correcth_phi_short_post_r1	1.4632074545660818
correcth_se_short_post_r1	0.21214330413161828
correcth_conv_short_post_r1	1
correctq_phi_short_post_r1	1.4876086941790361
correctq_se_short_post_r1	0.24107841252281578
correctq_conv_short_post_r1	0
mishDR_phi_short_post_r1	1.3953615104751356
mishDR_se_short_post_r1	0.20227815671503502
mishDR_conv_short_post_r1	0
misqDR_phi_short_post_r1	1.4652752576588488
misqDR_se_short_post_r1	0.21553968537702489
misqDR_conv_short_post_r1	1
mish_phi_short_post_r1	0.47437454121609407
mish_se_short_post_r1	0.30360804902439276
mish_conv_short_post_r1	0
misq_phi_short_post_r1	0.64417557879841347
misq_se_short_post_r1	0.3217508559833504
misq_conv_short_post_r1	0
OLS_phi_short_post_r1	1.575788727847341
OLS_se_short_post_r1	0.18536777885597275
OLS_conv_short_post_r1	0
T_short_post_r2	500
T0_short_post_r2	478
nW_short_post_r2	5
nZ_short_post_r2	5
correctDR_phi_short_post_r2	2.2421689771586895
correctDR_se_short_post_r2	0.22114609101298127
correctDR_conv_short_post_r2	1
correcth_phi_short_post_r2	2.2981717286921062
correcth_se_short_post_r2	0.26824621027329543
correcth_conv_short_post_r2	0
correctq_phi_short_post_r2	nan
correctq_se_short_post_r2	nan
correctq_conv_short_post_r2	1
mishDR_phi_short_post_r2	1.9278363907688436
mishDR_se_short_post_r2	0.2141050198842544
mishDR_conv_short_post_r2	0
misqDR_phi_short_post_r2	2.3075984980978537
misqDR_se_short_post_r2	0.27498433622305929
misqDR_conv_short_post_r2	1
mish_phi_short_post_r2	0.71860670523045755
mish_se_short_post_r2	0.21160739800718498
mish_conv_short_post_r2	0
misq_phi_short_post_r2	0.5836280883716366
misq_se_short_post_r2	0.20501084973025413
misq_conv_short_post_r2	0
OLS_phi_short_post_r2	2.2103777083651126
OLS_se_short_post_r2	0.21162638579682247
OLS_conv_short_post_r2	0
T_short_post_r3	500
T0_short_post_r3	478
nW_short_post_r3	5
nZ_short_post_r3	5
correctDR_phi_short_post_r3	1.9950256137756539
correctDR_se_short_post_r3	0.20578046780256409
correctDR_conv_short_post_r3	0
correcth_phi_short_post_r3	1.9941123156023022
correcth_se_short_post_r3	0.20420852635468453
correcth_conv_short_post_r3	0
correctq_phi_short_post_r3	2.0230585499575846
correctq_se_short_post_r3	0.2044871477238546
correctq_conv_short_post_r3	0
mishDR_phi_short_post_r3	1.9979244877781481
mishDR_se_short_post_r3	0.20296078536125162
mishDR_conv_short_post_r3	0
misqDR_phi_short_post_r3	1.9953406948056587
misqDR_se_short_post_r3	0.20539626946596726
misqDR_conv_short_post_r3	0
mish_phi_short_post_r3	1.2448815100026862
mish_se_short_post_r3	0.30093936856223952
mish_conv_short_post_r3	0
misq_phi_short_post_r3	1.234376001067415
misq_se_short_post_r3	0.30328967586226041
misq_conv_short_post_r3	0
OLS_phi_short_post_r3	2.0854728840990182
OLS_se_short_post_r3	0.19324438181316919
OLS_conv_short_post_r3	0
T_short_post_r4	500
T0_short_post_r4	478
nW_short_post_r4	5
nZ_short_post_r4	5
correctDR_phi_short_post_r4	2.0514923247457419
correctDR_se_short_post_r4	0.18238520344443451
correctDR_conv_short_post_r4	0
correcth_phi_short_post_r4	2.0201547231641457
correcth_se_short_post_r4	0.1772482095510802
correcth_conv_short_post_r4	0
correctq_phi_short_post_r4	1.884916817456318
correctq_se_short_post_r4	0.19741311284222296
correctq_conv_short_post_r4	0
mishDR_phi_short_post_r4	1.9646500954448858
mishDR_se_short_post_r4	0.16357918574118888
mishDR_conv_short_post_r4	0
misqDR_phi_short_post_r4	2.0218126194113157
misqDR_se_short_post_r4	0.17991603653372748
misqDR_conv_short_post_r4	1
mish_phi_short_post_r4	0.72618588408591911
mish_se_short_post_r4	0.13426280741646004
mish_conv_short_post_r4	0
misq_phi_short_post_r4	0.59044944538697186
misq_se_short_post_r4	0.14453450827212203
misq_conv_short_post_r4	0
OLS_phi_short_post_r4	1.9546122431073647
OLS_se_short_post_r4	0.12368738062752856
OLS_conv_short_post_r4	0
true_ATE_small_T	2
T_small_T_r1	80
T0_small_T_r1	60
nW_small_T_r1	5
nZ_small_T_r1	5
correctDR_phi_small_T_r1	1.685094990304983
correctDR_se_small_T_r1	0.26169603568358907
correctDR_conv_small_T_r1	0
correcth_phi_small_T_r1	1.6772129476192725
correcth_se_small_T_r1	0.24847305949084897
correcth_conv_small_T_r1	1
correctq_phi_small_T_r1	1.6008866443093572
correctq_se_small_T_r1	0.21736570237784536
correctq_conv_small_T_r1	0
mishDR_phi_small_T_r1	1.6992638972521987
mishDR_se_small_T_r1	0.24937228663130756
mishDR_conv_small_T_r1	0
misqDR_phi_small_T_r1	1.6566408914622808
misqDR_se_small_T_r1	0.26579249829554452
misqDR_conv_small_T_r1	1
mish_phi_small_T_r1	0.95552358318342323
mish_se_small_T_r1	0.46019391246758801
mish_conv_small_T_r1	0
misq_phi_small_T_r1	0.44988234947929356
misq_se_small_T_r1	0.53768321890642834
misq_conv_small_T_r1	0
OLS_phi_small_T_r1	2.0148861447154807
OLS_se_small_T_r1	0.18753568598356843
OLS_conv_small_T_r1	0
T_small_T_r2	80
T0_small_T_r2	60
nW_small_T_r2	5
nZ_small_T_r2	5
correctDR_phi_small_T_r2	1.9503127004793974
correctDR_se_small_T_r2	0.45188457967548457
correctDR_conv_small_T_r2	1
correcth_phi_small_T_r2	1.9321793667305147
correcth_se_small_T_r2	0.32766677496266822
correcth_conv_small_T_r2	1
correctq_phi_small_T_r2	1.9441406838310078
correctq_se_small_T_r2	0.42811535036971626
correctq_conv_small_T_r2	0
mishDR_phi_small_T_r2	1.9873365910751262
mishDR_se_small_T_r2	0.46748278403211413
mishDR_conv_small_T_r2	0
misqDR_phi_small_T_r2	1.935758906826136
misqDR_se_small_T_r2	0.3274297442595091
misqDR_conv_small_T_r2	1
mish_phi_small_T_r2	1.3068731411658747
mish_se_small_T_r2	0.29249847320947064
mish_conv_small_T_r2	0
misq_phi_small_T_r2	1.3254590782892222
misq_se_small_T_r2	0.30758741887616753
misq_conv_small_T_r2	0
OLS_phi_small_T_r2	1.9262473614599598
OLS_se_small_T_r2	0.27142159971077162
OLS_conv_small_T_r2	0
T_small_T_r3	80
T0_small_T_r3	60
nW_small_T_r3	5
nZ_small_T_r3	5
correctDR_phi_small_T_r3	2.3757063111136705
correctDR_se_small_T_r3	0.43228614604934934
correctDR_conv_small_T_r3	1
correcth_phi_small_T_r3	2.4688776344323311
correcth_se_small_T_r3	0.44622009795655931
correcth_conv_small_T_r3	1
correctq_phi_small_T_r3	2.4384031509423338
correctq_se_small_T_r3	0.43931244175139883
correctq_conv_small_T_r3	0
mishDR_phi_small_T_r3	2.4018284267154018
mishDR_se_small_T_r3	0.4472454741535673
mishDR_conv_small_T_r3	0
misqDR_phi_small_T_r3	2.454356211758729
misqDR_se_small_T_r3	0.49712732500420914
misqDR_conv_small_T_r3	1
mish_phi_small_T_r3	1.5080604211753488
mish_se_small_T_r3	0.49486488096860198
mish_conv_small_T_r3	0
misq_phi_small_T_r3	1.6523484969652495
misq_se_small_T_r3	0.5084861966752493
misq_conv_small_T_r3	0
OLS_phi_small_T_r3	2.6082713034797442
OLS_se_small_T_r3	0.2928083705461792
OLS_conv_small_T_r3	0
T_small_T_r4	80
T0_small_T_r4	60
nW_small_T_r4	5
nZ_small_T_r4	5
correctDR_phi_small_T_r4	2.1281811206415715
correctDR_se_small_T_r4	1.1088797466460141
correctDR_conv_small_T_r4	0
correcth_phi_small_T_r4	1.9860735292736247
correcth_se_small_T_r4	0.38478055343681983
correcth_conv_small_T_r4	1
correctq_phi_small_T_r4	2.016335298985604
correctq_se_small_T_r4	1.0576697439496001
correctq_conv_small_T_r4	0
mishDR_phi_small_T_r4	2.0121528854171817
mishDR_se_small_T_r4	1.1670767658276517
mishDR_conv_small_T_r4	0
misqDR_phi_small_T_r4	1.9742762091082855
misqDR_se_small_T_r4	0.49789780796738525
misqDR_conv_small_T_r4	1
mish_phi_small_T_r4	0.3627877974035294
mish_se_small_T_r4	0.46150084708022754
mish_conv_small_T_r4	0
misq_phi_small_T_r4	-0.019260446735469356
misq_se_small_T_r4	0.64193599406791813
misq_conv_small_T_r4	0
OLS_phi_small_T_r4	2.015069535528669
OLS_se_small_T_r4	0.23387355566543686
OLS_conv_small_T_r4	0
