== REFERENCE VALUES ==
n_states	51
n_pre_months	75
n_pre_yrs	6
n_post	9
unit_mean_stacked_tx	379325.185185
unit_mean_monthly_tx	379296.480000
est_0	20895.544312
rmse_mth_0	9401.022569
rmse_yr_0	4891.245426
ssr_v_0	6628441901.096295
ssr_v2_0	6628441901.096295
weight	0@California	0.34084348
weight	0@Florida	0.65915656
est_0p5	18917.859748
rmse_mth_0p5	9813.965709
rmse_yr_0p5	3930.327314
ssr_v_0p5	7779653241.104474
ssr_v2_0p5	10560198343.649937
weight	0p5@California	0.26820458
weight	0p5@Florida	0.61819062
weight	0p5@North Carolina	0.11360478
est_1	21735.248282
rmse_mth_1	10943.691241
rmse_yr_1	3395.719184
ssr_v_1	9812553780.791208
ssr_v2_1	18945033534.389153
weight	1@California	0.30638316
weight	1@Florida	0.18327064
weight	1@North Carolina	0.51034622
est_2	22942.439382
rmse_mth_2	11613.056583
rmse_yr_2	3246.917296
ssr_v_2	11632847197.592350
ssr_v2_2	46549514214.845436
weight	2@California	0.32315006
weight	2@North Carolina	0.67685000
est_30	24653.966225
rmse_mth_30	14402.691135
rmse_yr_30	3139.001108
ssr_v_30	36841001775.611908
ssr_v2_30	7677505630885.967773
weight	30@California	0.29836285
weight	30@Colorado	0.70163699
== SESSION INFO ==
R version 4.3.3 (2024-02-29)
Platform: x86_64-pc-linux-gnu (64-bit)
Running under: Ubuntu 24.04.4 LTS

Matrix products: default
BLAS:   /usr/lib/x86_64-linux-gnu/blas/libblas.so.3.12.0 
LAPACK: /usr/lib/x86_64-linux-gnu/lapack/liblapack.so.3.12.0

locale:
 [1] LC_CTYPE=C.UTF-8    LC_NUMERIC=C        LC_TIME=C          
 [4] LC_COLLATE=C        LC_MONETARY=C       LC_MESSAGES=C      
 [7] LC_PAPER=C          LC_NAME=C           LC_ADDRESS=C       
[10] LC_TELEPHONE=C      LC_MEASUREMENT=C    LC_IDENTIFICATION=C

time zone: Etc/UTC
tzcode source: system (glibc)

attached base packages:
[1] stats     graphics  grDevices utils     datasets  methods   base     

other attached packages:
[1] augsynth_0.2.0 dplyr_1.1.4   

loaded via a namespace (and not attached):
 [1] vctrs_0.6.5      cli_3.6.2        rlang_1.1.3      Formula_1.2-5   
 [5] purrr_1.0.2      generics_0.1.3   S7_0.2.2         glue_1.7.0      
 [9] colorspace_2.1-0 scales_1.3.0     fansi_1.0.5      grid_4.3.3      
[13] munsell_0.5.0    tibble_3.2.1     lifecycle_1.0.4  compiler_4.3.3  
[17] Rcpp_1.0.12      pkgconfig_2.0.3  tidyr_1.3.1      osqp_1.0.0      
[21] lattice_0.22-5   R6_2.5.1         tidyselect_1.2.0 utf8_1.2.4      
[25] pillar_1.9.0     magrittr_2.0.3   Matrix_1.6-5     withr_2.5.0     
[29] gtable_0.3.4     ggplot2_3.4.4   
