  latent 10/100  [14s]
  latent 20/100  [29s]
  latent 30/100  [43s]
  latent 40/100  [57s]
  latent 50/100  [71s]
  latent 60/100  [85s]
  latent 70/100  [99s]
  latent 80/100  [113s]
  latent 90/100  [127s]
  latent 100/100  [141s]

TWSF v2 Path-B gate: 100 latent x 10 noise = 1000 replications, nominal coverage 0.90

    n   h |      bias   (mcse) |      RMSE |    emp SD   plug SE   SD/SE |  coverage   (mcse)
---------------------------------------------------------------------------------------------
   25   1 |    0.0124   0.0014 |    0.0255 |    0.0223    0.0238   0.937 |     0.857    0.015
   50   1 |    0.0033   0.0007 |    0.0195 |    0.0193    0.0215   0.894 |     0.936    0.008
   75   1 |    0.0002   0.0007 |    0.0161 |    0.0161    0.0152   1.058 |     0.893    0.010
  100   1 |    0.0022   0.0004 |    0.0137 |    0.0136    0.0136   1.000 |     0.895    0.010
  125   1 |    0.0011   0.0004 |    0.0126 |    0.0125    0.0122   1.027 |     0.909    0.008
  150   1 |    0.0005   0.0004 |    0.0103 |    0.0102    0.0102   1.006 |     0.908    0.010

   25   5 |    0.0102   0.0018 |    0.0309 |    0.0291    0.0294   0.991 |     0.871    0.015
   50   5 |    0.0021   0.0012 |    0.0242 |    0.0241    0.0254   0.949 |     0.914    0.012
   75   5 |   -0.0001   0.0010 |    0.0209 |    0.0209    0.0191   1.093 |     0.876    0.011
  100   5 |    0.0010   0.0006 |    0.0161 |    0.0161    0.0161   1.000 |     0.904    0.009
  125   5 |    0.0003   0.0007 |    0.0150 |    0.0150    0.0140   1.072 |     0.883    0.011
  150   5 |    0.0003   0.0005 |    0.0131 |    0.0131    0.0125   1.050 |     0.885    0.011

   25  10 |    0.0119   0.0021 |    0.0322 |    0.0299    0.0273   1.096 |     0.838    0.020
   50  10 |   -0.0001   0.0015 |    0.0265 |    0.0266    0.0268   0.991 |     0.921    0.011
   75  10 |    0.0037   0.0013 |    0.0235 |    0.0232    0.0199   1.165 |     0.854    0.015
  100  10 |    0.0014   0.0006 |    0.0165 |    0.0165    0.0164   1.004 |     0.890    0.010
  125  10 |   -0.0009   0.0006 |    0.0148 |    0.0147    0.0142   1.036 |     0.895    0.010
  150  10 |    0.0010   0.0005 |    0.0131 |    0.0130    0.0127   1.025 |     0.892    0.011

