fsPDA Table 1 reference -- 2000 replications per cell
R R version 4.3.3 (2024-02-29) | glmnet 4.1.8 

== REFERENCE VALUES ==
M	2000
n_donors	100
H_fs	1
H_lasso	2
sigma_eta	0.5
irrelevant_loading_halfwidth	0.4956208244
fs_iid_50_nsel	6
fs_iid_50_rmspe	0.8149806303
fs_iid_50_D1	0.0615
fs_iid_50_D2	0.064
fs_iid_50_D3	0.0975
fs_iid_50_D4	0.788
fs_iid_50_D5	0.9985
fs_iid_50_D6	0.6765
fs_iid_50_D7	0.9925
lasso_iid_50_nsel	9
lasso_iid_50_rmspe	0.9581803711
lasso_iid_50_D1	0.0655
lasso_iid_50_D2	0.065
lasso_iid_50_D3	0.0945
lasso_iid_50_D4	0.736
lasso_iid_50_D5	0.998
lasso_iid_50_D6	0.633
lasso_iid_50_D7	0.9885
# done iid 50 
fs_iid_100_nsel	7
fs_iid_100_rmspe	0.7101621013
fs_iid_100_D1	0.0585
fs_iid_100_D2	0.0485
fs_iid_100_D3	0.0835
fs_iid_100_D4	0.9855
fs_iid_100_D5	1
fs_iid_100_D6	0.909
fs_iid_100_D7	1
lasso_iid_100_nsel	11
lasso_iid_100_rmspe	0.8410762582
lasso_iid_100_D1	0.059
lasso_iid_100_D2	0.0565
lasso_iid_100_D3	0.087
lasso_iid_100_D4	0.9675
lasso_iid_100_D5	1
lasso_iid_100_D6	0.885
lasso_iid_100_D7	1
# done iid 100 
fs_iid_200_nsel	9
fs_iid_200_rmspe	0.6551376443
fs_iid_200_D1	0.0535
fs_iid_200_D2	0.0535
fs_iid_200_D3	0.0685
fs_iid_200_D4	1
fs_iid_200_D5	1
fs_iid_200_D6	0.9955
fs_iid_200_D7	1
lasso_iid_200_nsel	14
lasso_iid_200_rmspe	0.7336633817
lasso_iid_200_D1	0.0475
lasso_iid_200_D2	0.054
lasso_iid_200_D3	0.0795
lasso_iid_200_D4	1
lasso_iid_200_D5	1
lasso_iid_200_D6	0.9945
lasso_iid_200_D7	1
# done iid 200 
fs_nnd_50_nsel	6
fs_nnd_50_rmspe	0.8148284833
fs_nnd_50_D1	0.123
fs_nnd_50_D2	0.1
fs_nnd_50_D3	0.123
fs_nnd_50_D4	0.768
fs_nnd_50_D5	0.999
fs_nnd_50_D6	0.6545
fs_nnd_50_D7	0.99
lasso_nnd_50_nsel	6
lasso_nnd_50_rmspe	1.05728639
lasso_nnd_50_D1	0.2465
lasso_nnd_50_D2	0.201
lasso_nnd_50_D3	0.1865
lasso_nnd_50_D4	0.6215
lasso_nnd_50_D5	0.939
lasso_nnd_50_D6	0.527
lasso_nnd_50_D7	0.8995
# done nnd 50 
fs_nnd_100_nsel	7
fs_nnd_100_rmspe	0.7105195739
fs_nnd_100_D1	0.0825
fs_nnd_100_D2	0.0755
fs_nnd_100_D3	0.095
fs_nnd_100_D4	0.981
fs_nnd_100_D5	1
fs_nnd_100_D6	0.8865
fs_nnd_100_D7	1
lasso_nnd_100_nsel	8
lasso_nnd_100_rmspe	0.9040560616
lasso_nnd_100_D1	0.201
lasso_nnd_100_D2	0.157
lasso_nnd_100_D3	0.137
lasso_nnd_100_D4	0.8705
lasso_nnd_100_D5	0.998
lasso_nnd_100_D6	0.769
lasso_nnd_100_D7	0.993
# done nnd 100 
fs_nnd_200_nsel	8
fs_nnd_200_rmspe	0.6545561268
fs_nnd_200_D1	0.057
fs_nnd_200_D2	0.0615
fs_nnd_200_D3	0.0745
fs_nnd_200_D4	1
fs_nnd_200_D5	1
fs_nnd_200_D6	0.9925
fs_nnd_200_D7	1
lasso_nnd_200_nsel	13
lasso_nnd_200_rmspe	0.7453708123
lasso_nnd_200_D1	0.097
lasso_nnd_200_D2	0.094
lasso_nnd_200_D3	0.089
lasso_nnd_200_D4	0.997
lasso_nnd_200_D5	1
lasso_nnd_200_D6	0.976
lasso_nnd_200_D7	0.9995
# done nnd 200 
