== REFERENCE VALUES ==
att_prop99	-15.9525784789
l2_prop99	3.19796094573
scaled_l2_prop99	0.0457284623828
att_lower_prop99	-22.1371239114
att_upper_prop99	-12.2685382318
weight	prop99.Alabama	-0.0220018017796
weight	prop99.Arkansas	0.000697054571327
weight	prop99.Colorado	0.0328488392194
weight	prop99.Connecticut	0.151199396971
weight	prop99.Delaware	0.00988960668851
weight	prop99.Georgia	-0.0130146933317
weight	prop99.Idaho	-0.0190790753947
weight	prop99.Illinois	0.050179600629
weight	prop99.Indiana	-0.00100775702073
weight	prop99.Iowa	0.00897214825253
weight	prop99.Kansas	0.0444011932771
weight	prop99.Kentucky	0.00670230660813
weight	prop99.Louisiana	-0.00545973406343
weight	prop99.Maine	0.00362834441607
weight	prop99.Minnesota	0.00947309531013
weight	prop99.Mississippi	-0.0434680540017
weight	prop99.Missouri	-0.017762087123
weight	prop99.Montana	0.248391274112
weight	prop99.Nebraska	0.0266909248111
weight	prop99.Nevada	0.202032782517
weight	prop99.New Hampshire	0.0420952503552
weight	prop99.New Mexico	-0.000365484351734
weight	prop99.North Carolina	-0.00834784307645
weight	prop99.North Dakota	-0.00797920257666
weight	prop99.Ohio	-0.00208944458969
weight	prop99.Oklahoma	-0.0138291529572
weight	prop99.Pennsylvania	0.00816015443618
weight	prop99.Rhode Island	0.0192544097975
weight	prop99.South Carolina	-0.035024866503
weight	prop99.South Dakota	-0.00980255659999
weight	prop99.Tennessee	-0.0414381167205
weight	prop99.Texas	0.0190987936974
weight	prop99.Utah	0.37019907995
weight	prop99.Vermont	-0.0180954929852
weight	prop99.Virginia	-0.002788937442
weight	prop99.West Virginia	0.0269723158609
weight	prop99.Wisconsin	-0.0121473675283
weight	prop99.Wyoming	-0.00718490344787
att_texas	20972.1697444
l2_texas	2436.2088624
scaled_l2_texas	0.0593391413992
att_lower_texas	18900.1074777
att_upper_texas	23849.4821864
weight	texas.1	7.41434251579e-05
weight	texas.2	-7.84199570678e-05
weight	texas.4	-4.39396183202e-05
weight	texas.5	4.33954132923e-06
weight	texas.6	-2.97950123673e-05
weight	texas.8	-6.11782875386e-05
weight	texas.9	-4.96937978548e-05
weight	texas.10	-5.57247298681e-05
weight	texas.11	-5.59225526356e-05
weight	texas.12	0.372776499209
weight	texas.13	0.000100597996002
weight	texas.15	-7.81366524826e-05
weight	texas.16	-7.86352917709e-05
weight	texas.17	0.272324150081
weight	texas.18	8.41066393178e-06
weight	texas.19	-5.76022962775e-05
weight	texas.20	-6.52549753543e-05
weight	texas.21	-3.17168983622e-05
weight	texas.22	0.000141264873176
weight	texas.23	-7.82192864821e-05
weight	texas.24	0.000125157576072
weight	texas.25	-5.16765239556e-05
weight	texas.26	8.89643648082e-05
weight	texas.27	-5.74754400526e-05
weight	texas.28	-4.43599676542e-05
weight	texas.29	-1.85749798846e-05
weight	texas.30	-7.8661396993e-05
weight	texas.31	-7.37173629128e-05
weight	texas.32	-7.00155716929e-05
weight	texas.33	-7.75083294019e-05
weight	texas.34	3.34933857164e-05
weight	texas.35	-7.58926614207e-05
weight	texas.36	0.355674927599
weight	texas.37	0.000126629891363
weight	texas.38	-7.86623826485e-05
weight	texas.39	0.00018108257689
weight	texas.40	2.06040231697e-07
weight	texas.41	-8.57624219386e-05
weight	texas.42	8.10107379002e-05
weight	texas.44	-7.70163965046e-05
weight	texas.45	4.92443665704e-05
weight	texas.46	-7.80578025632e-05
weight	texas.47	2.76126388225e-05
weight	texas.49	-7.5620215538e-05
weight	texas.50	-7.88661514908e-05
weight	texas.51	0.000125542868575
weight	texas.53	-2.21332063991e-05
weight	texas.54	-7.33246347999e-05
weight	texas.55	1.75532525176e-05
weight	texas.56	-7.92662826249e-05
== SESSION INFO ==
R version 4.3.3 (2024-02-29)
Platform: x86_64-pc-linux-gnu (64-bit)
Running under: Ubuntu 24.04.4 LTS

Matrix products: default
BLAS:   /usr/lib/x86_64-linux-gnu/blas/libblas.so.3.12.0 
LAPACK: /usr/lib/x86_64-linux-gnu/lapack/liblapack.so.3.12.0

locale:
 [1] LC_CTYPE=C.UTF-8    LC_NUMERIC=C        LC_TIME=C          
 [4] LC_COLLATE=C        LC_MONETARY=C       LC_MESSAGES=C      
 [7] LC_PAPER=C          LC_NAME=C           LC_ADDRESS=C       
[10] LC_TELEPHONE=C      LC_MEASUREMENT=C    LC_IDENTIFICATION=C

time zone: Etc/UTC
tzcode source: system (glibc)

attached base packages:
[1] stats     graphics  grDevices utils     datasets  methods   base     

other attached packages:
[1] augsynth_0.2.0

loaded via a namespace (and not attached):
 [1] vctrs_0.6.5      cli_3.6.2        rlang_1.1.3      Formula_1.2-5   
 [5] purrr_1.0.2      generics_0.1.3   S7_0.2.2         glue_1.7.0      
 [9] colorspace_2.1-0 scales_1.3.0     fansi_1.0.5      grid_4.3.3      
[13] munsell_0.5.0    tibble_3.2.1     lifecycle_1.0.4  compiler_4.3.3  
[17] dplyr_1.1.4      Rcpp_1.0.12      pkgconfig_2.0.3  tidyr_1.3.1     
[21] osqp_1.0.0       lattice_0.22-5   R6_2.5.1         tidyselect_1.2.0
[25] utf8_1.2.4       pillar_1.9.0     magrittr_2.0.3   Matrix_1.6-5    
[29] withr_2.5.0      gtable_0.3.4     ggplot2_3.4.4   
