== REFERENCE VALUES ==
wg_social_1989	3.419000
multi_social_1989	3.549459
single_social_1989	3.660767
mean_social_1989	2.014812
wg_energy_1989	0.155000
multi_energy_1989	0.143994
single_energy_1989	0.143313
mean_energy_1989	0.127250
wg_electricity_1989	8.981148
multi_electricity_1989	8.711659
single_electricity_1989	10.060925
mean_electricity_1989	7.629356
wg_patents_1989	0.071686
multi_patents_1989	0.054888
single_patents_1989	0.040369
mean_patents_1989	0.029486
wg_gdp_growth_1989	3.896552
multi_gdp_growth_1989	4.119806
single_gdp_growth_1989	3.517000
mean_gdp_growth_1989	3.486234
wg_cpi_1989	2.780563
multi_cpi_1989	3.058765
single_cpi_1989	3.995736
mean_cpi_1989	5.510771
wg_trade_1989	57.664852
multi_trade_1989	59.050673
single_trade_1989	59.298960
mean_trade_1989	60.377507
wg_tax_1989	36.229000
multi_tax_1989	34.063824
single_tax_1989	32.879192
mean_tax_1989	33.694813
wg_gdp_pc_1989	18994.000000
multi_gdp_pc_1989	19029.776051
single_gdp_pc_1989	19075.911363
mean_gdp_pc_1989	16493.750000
weight	USA	0.207541
weight	Belgium	0.006967
weight	France	0.267012
weight	Netherlands	0.247678
weight	Norway	0.043352
weight	Switzerland	0.135092
weight	Japan	0.092359
== SESSION INFO ==
R version 4.3.3 (2024-02-29)
Platform: x86_64-pc-linux-gnu (64-bit)
Running under: Ubuntu 24.04.4 LTS

Matrix products: default
BLAS:   /usr/lib/x86_64-linux-gnu/blas/libblas.so.3.12.0 
LAPACK: /usr/lib/x86_64-linux-gnu/lapack/liblapack.so.3.12.0

locale:
 [1] LC_CTYPE=C.UTF-8    LC_NUMERIC=C        LC_TIME=C          
 [4] LC_COLLATE=C        LC_MONETARY=C       LC_MESSAGES=C      
 [7] LC_PAPER=C          LC_NAME=C           LC_ADDRESS=C       
[10] LC_TELEPHONE=C      LC_MEASUREMENT=C    LC_IDENTIFICATION=C

time zone: Etc/UTC
tzcode source: system (glibc)

attached base packages:
[1] stats     graphics  grDevices utils     datasets  methods   base     

other attached packages:
[1] quadprog_1.5-8

loaded via a namespace (and not attached):
[1] compiler_4.3.3
