R version 4.3.3 (2024-02-29)
Platform: x86_64-pc-linux-gnu (64-bit)
Running under: Ubuntu 24.04.4 LTS

Matrix products: default
BLAS:   /usr/lib/x86_64-linux-gnu/blas/libblas.so.3.12.0 
LAPACK: /usr/lib/x86_64-linux-gnu/lapack/liblapack.so.3.12.0

locale:
 [1] LC_CTYPE=C.UTF-8    LC_NUMERIC=C        LC_TIME=C          
 [4] LC_COLLATE=C        LC_MONETARY=C       LC_MESSAGES=C      
 [7] LC_PAPER=C          LC_NAME=C           LC_ADDRESS=C       
[10] LC_TELEPHONE=C      LC_MEASUREMENT=C    LC_IDENTIFICATION=C

time zone: Etc/UTC
tzcode source: system (glibc)

attached base packages:
[1] stats     graphics  grDevices utils     datasets  methods   base     

other attached packages:
[1] MASS_7.3-60.0.1 glmnet_4.1-8    Matrix_1.6-5   

loaded via a namespace (and not attached):
 [1] compiler_4.3.3   survival_3.5-8   Rcpp_1.0.12      splines_4.3.3   
 [5] codetools_0.2-19 grid_4.3.3       iterators_1.0.14 foreach_1.5.2   
 [9] shape_1.4.6      lattice_0.22-5  

== REFERENCE VALUES ==
T1	50
T2	50
n_donors	100
H_fs	1
H_lasso	2
lrvar_lag	1
alpha	0.050000000000000003
n_seeds	4
fs_R_iid_s1	8
fs_ATE_iid_s1	0.050494077581633365
fs_Z_iid_s1	0.51340113292017198
fs_phi_iid_s1	0
fs_RSquared_iid_s1	0.99583133287507364
fs_sel_iid_s1_k1	1
fs_sel_iid_s1_k2	3
fs_sel_iid_s1_k3	19
fs_sel_iid_s1_k4	37
fs_sel_iid_s1_k5	54
fs_sel_iid_s1_k6	65
fs_sel_iid_s1_k7	75
fs_sel_iid_s1_k8	80
fs_coef_iid_s1_k1	0.43685229169132267
fs_coef_iid_s1_k2	0.64423321355248997
fs_coef_iid_s1_k3	0.31800213583889958
fs_coef_iid_s1_k4	0.41233145456834996
fs_coef_iid_s1_k5	0.32108677932452295
fs_coef_iid_s1_k6	-0.38650752546639749
fs_coef_iid_s1_k7	0.48098899379010518
fs_coef_iid_s1_k8	0.13684257915496528
las_R_iid_s1	7
las_lambda_iid_s1	0.47000000000000003
las_ATE_iid_s1	-0.016598308115867825
las_Z_iid_s1	-0.12467682405967884
las_phi_iid_s1	0
las_sel_iid_s1_k1	3
las_sel_iid_s1_k2	8
las_sel_iid_s1_k3	53
las_sel_iid_s1_k4	61
las_sel_iid_s1_k5	65
las_sel_iid_s1_k6	86
las_sel_iid_s1_k7	97
las_coef_iid_s1_k1	0.77967708903288813
las_coef_iid_s1_k2	-0.19139740049152901
las_coef_iid_s1_k3	-0.41993081806493127
las_coef_iid_s1_k4	-0.061300481663271976
las_coef_iid_s1_k5	-0.44894222114774957
las_coef_iid_s1_k6	-0.36248024690121528
las_coef_iid_s1_k7	0.22899227438643505
lascv_R_iid_s1	7
lascv_lambda_iid_s1	0.47000000000000003
lascv_ATE_iid_s1	-0.01673069952481597
lascv_Z_iid_s1	-0.12536971838510719
lascv_phi_iid_s1	0
lascv_sel_iid_s1_k1	3
lascv_sel_iid_s1_k2	8
lascv_sel_iid_s1_k3	53
lascv_sel_iid_s1_k4	61
lascv_sel_iid_s1_k5	65
lascv_sel_iid_s1_k6	86
lascv_sel_iid_s1_k7	97
lascv_coef_iid_s1_k1	0.77685037402683443
lascv_coef_iid_s1_k2	-0.19049056836154721
lascv_coef_iid_s1_k3	-0.40790855951295746
lascv_coef_iid_s1_k4	-0.068930901443582979
lascv_coef_iid_s1_k5	-0.45132304497347153
lascv_coef_iid_s1_k6	-0.36945100794821922
lascv_coef_iid_s1_k7	0.23345371874683674
fs_R_iid_s2	8
fs_ATE_iid_s2	-0.11451621219466099
fs_Z_iid_s2	-1.2316775108833391
fs_phi_iid_s2	0
fs_RSquared_iid_s2	0.99599773804947533
fs_sel_iid_s2_k1	3
fs_sel_iid_s2_k2	4
fs_sel_iid_s2_k3	13
fs_sel_iid_s2_k4	55
fs_sel_iid_s2_k5	63
fs_sel_iid_s2_k6	78
fs_sel_iid_s2_k7	90
fs_sel_iid_s2_k8	97
fs_coef_iid_s2_k1	0.45555221593974399
fs_coef_iid_s2_k2	0.42851859702746287
fs_coef_iid_s2_k3	0.35571039404334048
fs_coef_iid_s2_k4	-0.085656594061434332
fs_coef_iid_s2_k5	0.5147061569215382
fs_coef_iid_s2_k6	0.38260262847440279
fs_coef_iid_s2_k7	-0.28751514086167274
fs_coef_iid_s2_k8	0.39532145110791295
las_R_iid_s2	12
las_lambda_iid_s2	0.20000000000000001
las_ATE_iid_s2	-0.23573168866653141
las_Z_iid_s2	-1.8986979130507395
las_phi_iid_s2	0
las_sel_iid_s2_k1	3
las_sel_iid_s2_k2	5
las_sel_iid_s2_k3	8
las_sel_iid_s2_k4	17
las_sel_iid_s2_k5	45
las_sel_iid_s2_k6	61
las_sel_iid_s2_k7	65
las_sel_iid_s2_k8	68
las_sel_iid_s2_k9	78
las_sel_iid_s2_k10	86
las_sel_iid_s2_k11	88
las_sel_iid_s2_k12	97
las_coef_iid_s2_k1	0.63458624976462275
las_coef_iid_s2_k2	-0.10577921829198107
las_coef_iid_s2_k3	-0.3621294957804575
las_coef_iid_s2_k4	0.35174970607108075
las_coef_iid_s2_k5	-0.22759992658101935
las_coef_iid_s2_k6	-0.21585667200959302
las_coef_iid_s2_k7	-0.080483662727639405
las_coef_iid_s2_k8	-0.26224119124738871
las_coef_iid_s2_k9	0.12639013628487747
las_coef_iid_s2_k10	-0.19327219637652357
las_coef_iid_s2_k11	-0.17233469435629389
las_coef_iid_s2_k12	0.47864710185253057
lascv_R_iid_s2	12
lascv_lambda_iid_s2	0.20000000000000001
lascv_ATE_iid_s2	-0.23323281373993573
lascv_Z_iid_s2	-1.88133383016779
lascv_phi_iid_s2	0
lascv_sel_iid_s2_k1	3
lascv_sel_iid_s2_k2	5
lascv_sel_iid_s2_k3	8
lascv_sel_iid_s2_k4	17
lascv_sel_iid_s2_k5	45
lascv_sel_iid_s2_k6	61
lascv_sel_iid_s2_k7	65
lascv_sel_iid_s2_k8	68
lascv_sel_iid_s2_k9	78
lascv_sel_iid_s2_k10	86
lascv_sel_iid_s2_k11	88
lascv_sel_iid_s2_k12	97
lascv_coef_iid_s2_k1	0.63327549713571518
lascv_coef_iid_s2_k2	-0.1200096963249061
lascv_coef_iid_s2_k3	-0.37640857235194547
lascv_coef_iid_s2_k4	0.35528763569131849
lascv_coef_iid_s2_k5	-0.22565254720953459
lascv_coef_iid_s2_k6	-0.21026747314082964
lascv_coef_iid_s2_k7	-0.073837280663824709
lascv_coef_iid_s2_k8	-0.26719532997855538
lascv_coef_iid_s2_k9	0.12374577128558899
lascv_coef_iid_s2_k10	-0.18725113738193502
lascv_coef_iid_s2_k11	-0.1653457294054958
lascv_coef_iid_s2_k12	0.47756644257587955
fs_R_iid_s3	8
fs_ATE_iid_s3	0.1029629792192573
fs_Z_iid_s3	1.144034976655034
fs_phi_iid_s3	0
fs_RSquared_iid_s3	0.99896599976614342
fs_sel_iid_s3_k1	1
fs_sel_iid_s3_k2	3
fs_sel_iid_s3_k3	4
fs_sel_iid_s3_k4	11
fs_sel_iid_s3_k5	39
fs_sel_iid_s3_k6	40
fs_sel_iid_s3_k7	54
fs_sel_iid_s3_k8	55
fs_coef_iid_s3_k1	0.2618192760074336
fs_coef_iid_s3_k2	0.21415213170294922
fs_coef_iid_s3_k3	0.52576290140864335
fs_coef_iid_s3_k4	0.26972689252061605
fs_coef_iid_s3_k5	0.4346708551098708
fs_coef_iid_s3_k6	-0.40073853426297457
fs_coef_iid_s3_k7	0.31502444940085295
fs_coef_iid_s3_k8	0.23708060862731073
las_R_iid_s3	11
las_lambda_iid_s3	0.38
las_ATE_iid_s3	0.061179216651537277
las_Z_iid_s3	0.60020977147117993
las_phi_iid_s3	0
las_sel_iid_s3_k1	1
las_sel_iid_s3_k2	3
las_sel_iid_s3_k3	4
las_sel_iid_s3_k4	8
las_sel_iid_s3_k5	17
las_sel_iid_s3_k6	53
las_sel_iid_s3_k7	61
las_sel_iid_s3_k8	65
las_sel_iid_s3_k9	78
las_sel_iid_s3_k10	86
las_sel_iid_s3_k11	97
las_coef_iid_s3_k1	0.22231015659639064
las_coef_iid_s3_k2	0.3504478778371915
las_coef_iid_s3_k3	0.088571374550378668
las_coef_iid_s3_k4	-0.21235348168927573
las_coef_iid_s3_k5	0.1089357705629414
las_coef_iid_s3_k6	-0.39764194811965597
las_coef_iid_s3_k7	-0.033718303482342372
las_coef_iid_s3_k8	-0.14914899097215845
las_coef_iid_s3_k9	0.17120531515863568
las_coef_iid_s3_k10	-0.49252265630379405
las_coef_iid_s3_k11	0.38648884311967069
lascv_R_iid_s3	8
lascv_lambda_iid_s3	0.64000000000000001
lascv_ATE_iid_s3	0.035336402985171017
lascv_Z_iid_s3	0.26285986772145215
lascv_phi_iid_s3	0
lascv_sel_iid_s3_k1	1
lascv_sel_iid_s3_k2	3
lascv_sel_iid_s3_k3	8
lascv_sel_iid_s3_k4	17
lascv_sel_iid_s3_k5	53
lascv_sel_iid_s3_k6	65
lascv_sel_iid_s3_k7	86
lascv_sel_iid_s3_k8	97
lascv_coef_iid_s3_k1	0.20593540369438273
lascv_coef_iid_s3_k2	0.4413999536549717
lascv_coef_iid_s3_k3	-0.18645491239271958
lascv_coef_iid_s3_k4	0.10341442238940761
lascv_coef_iid_s3_k5	-0.41642659361335849
lascv_coef_iid_s3_k6	-0.17593925217606474
lascv_coef_iid_s3_k7	-0.4658520629345495
lascv_coef_iid_s3_k8	0.53452069283562709
fs_R_iid_s4	9
fs_ATE_iid_s4	0.043776677607546187
fs_Z_iid_s4	0.50019986392794435
fs_phi_iid_s4	0
fs_RSquared_iid_s4	0.99465332025050746
fs_sel_iid_s4_k1	2
fs_sel_iid_s4_k2	3
fs_sel_iid_s4_k3	4
fs_sel_iid_s4_k4	40
fs_sel_iid_s4_k5	54
fs_sel_iid_s4_k6	63
fs_sel_iid_s4_k7	65
fs_sel_iid_s4_k8	69
fs_sel_iid_s4_k9	77
fs_coef_iid_s4_k1	0.4730686368632252
fs_coef_iid_s4_k2	0.1784436666621704
fs_coef_iid_s4_k3	0.38820940962077249
fs_coef_iid_s4_k4	-0.24964038645030856
fs_coef_iid_s4_k5	0.16582001016791623
fs_coef_iid_s4_k6	0.22646977046273756
fs_coef_iid_s4_k7	-0.27002382389107471
fs_coef_iid_s4_k8	-0.38722172992964221
fs_coef_iid_s4_k9	0.36723135898050152
las_R_iid_s4	7
las_lambda_iid_s4	0.60999999999999999
las_ATE_iid_s4	-0.034872665669573581
las_Z_iid_s4	-0.23257471936196286
las_phi_iid_s4	0
las_sel_iid_s4_k1	2
las_sel_iid_s4_k2	3
las_sel_iid_s4_k3	17
las_sel_iid_s4_k4	53
las_sel_iid_s4_k5	65
las_sel_iid_s4_k6	86
las_sel_iid_s4_k7	97
las_coef_iid_s4_k1	0.05286884047957436
las_coef_iid_s4_k2	0.68796816225881996
las_coef_iid_s4_k3	0.11763522689112024
las_coef_iid_s4_k4	-0.39185966931944916
las_coef_iid_s4_k5	-0.29987589489209376
las_coef_iid_s4_k6	-0.62315527822524452
las_coef_iid_s4_k7	0.35290953779416712
lascv_R_iid_s4	10
lascv_lambda_iid_s4	0.27000000000000002
lascv_ATE_iid_s4	-0.051469456786062046
lascv_Z_iid_s4	-0.48397068731298298
lascv_phi_iid_s4	0
lascv_sel_iid_s4_k1	2
lascv_sel_iid_s4_k2	3
lascv_sel_iid_s4_k3	4
lascv_sel_iid_s4_k4	8
lascv_sel_iid_s4_k5	17
lascv_sel_iid_s4_k6	27
lascv_sel_iid_s4_k7	53
lascv_sel_iid_s4_k8	65
lascv_sel_iid_s4_k9	86
lascv_sel_iid_s4_k10	97
lascv_coef_iid_s4_k1	0.16641776143874626
lascv_coef_iid_s4_k2	0.53081521653567454
lascv_coef_iid_s4_k3	0.060604394667453862
lascv_coef_iid_s4_k4	-0.2164333223873765
lascv_coef_iid_s4_k5	0.046469310670526981
lascv_coef_iid_s4_k6	-0.2725038356011758
lascv_coef_iid_s4_k7	-0.29585052666484202
lascv_coef_iid_s4_k8	-0.35727549607094722
lascv_coef_iid_s4_k9	-0.50381242096574363
lascv_coef_iid_s4_k10	0.24535688536961098
fs_R_nnd_s1	10
fs_ATE_nnd_s1	0.085341840118500281
fs_Z_nnd_s1	0.79732408775605357
fs_phi_nnd_s1	0
fs_RSquared_nnd_s1	0.99596304548107595
fs_sel_nnd_s1_k1	1
fs_sel_nnd_s1_k2	3
fs_sel_nnd_s1_k3	6
fs_sel_nnd_s1_k4	18
fs_sel_nnd_s1_k5	20
fs_sel_nnd_s1_k6	40
fs_sel_nnd_s1_k7	65
fs_sel_nnd_s1_k8	74
fs_sel_nnd_s1_k9	75
fs_sel_nnd_s1_k10	83
fs_coef_nnd_s1_k1	0.35059274315113126
fs_coef_nnd_s1_k2	0.68050437850475398
fs_coef_nnd_s1_k3	0.25778278069617194
fs_coef_nnd_s1_k4	-0.097268093730536465
fs_coef_nnd_s1_k5	-0.40311494389078267
fs_coef_nnd_s1_k6	-0.21350960267276933
fs_coef_nnd_s1_k7	-0.41327746237962265
fs_coef_nnd_s1_k8	-0.40934629925590793
fs_coef_nnd_s1_k9	0.41290383097498268
fs_coef_nnd_s1_k10	0.21400835882230929
las_R_nnd_s1	9
las_lambda_nnd_s1	0.39000000000000001
las_ATE_nnd_s1	-0.079231375542885021
las_Z_nnd_s1	-0.73537250555047751
las_phi_nnd_s1	0
las_sel_nnd_s1_k1	1
las_sel_nnd_s1_k2	3
las_sel_nnd_s1_k3	4
las_sel_nnd_s1_k4	8
las_sel_nnd_s1_k5	13
las_sel_nnd_s1_k6	53
las_sel_nnd_s1_k7	65
las_sel_nnd_s1_k8	80
las_sel_nnd_s1_k9	86
las_coef_nnd_s1_k1	0.23788701085802433
las_coef_nnd_s1_k2	0.58646577867488847
las_coef_nnd_s1_k3	0.055021647902991543
las_coef_nnd_s1_k4	-0.10916371695704434
las_coef_nnd_s1_k5	0.13159049810709522
las_coef_nnd_s1_k6	-0.2324291505451572
las_coef_nnd_s1_k7	-0.237707617315183
las_coef_nnd_s1_k8	0.092279908085126941
las_coef_nnd_s1_k9	-0.047291003162543865
lascv_R_nnd_s1	9
lascv_lambda_nnd_s1	0.39000000000000001
lascv_ATE_nnd_s1	-0.080512435525234377
lascv_Z_nnd_s1	-0.74879539329110412
lascv_phi_nnd_s1	0
lascv_sel_nnd_s1_k1	1
lascv_sel_nnd_s1_k2	3
lascv_sel_nnd_s1_k3	4
lascv_sel_nnd_s1_k4	8
lascv_sel_nnd_s1_k5	13
lascv_sel_nnd_s1_k6	53
lascv_sel_nnd_s1_k7	65
lascv_sel_nnd_s1_k8	80
lascv_sel_nnd_s1_k9	86
lascv_coef_nnd_s1_k1	0.24445188573801327
lascv_coef_nnd_s1_k2	0.57403778361564906
lascv_coef_nnd_s1_k3	0.057948757916110941
lascv_coef_nnd_s1_k4	-0.10386166352535343
lascv_coef_nnd_s1_k5	0.13662001955183534
lascv_coef_nnd_s1_k6	-0.2346980683758228
lascv_coef_nnd_s1_k7	-0.23558917883304939
lascv_coef_nnd_s1_k8	0.092102705288530873
lascv_coef_nnd_s1_k9	-0.052281502118518994
fs_R_nnd_s2	10
fs_ATE_nnd_s2	0.23619033195755698
fs_Z_nnd_s2	2.2130424572590988
fs_phi_nnd_s2	1
fs_RSquared_nnd_s2	0.99529571458397204
fs_sel_nnd_s2_k1	1
fs_sel_nnd_s2_k2	4
fs_sel_nnd_s2_k3	13
fs_sel_nnd_s2_k4	15
fs_sel_nnd_s2_k5	19
fs_sel_nnd_s2_k6	39
fs_sel_nnd_s2_k7	55
fs_sel_nnd_s2_k8	63
fs_sel_nnd_s2_k9	91
fs_sel_nnd_s2_k10	99
fs_coef_nnd_s2_k1	0.60269327045919285
fs_coef_nnd_s2_k2	0.3362545432155033
fs_coef_nnd_s2_k3	0.31472604947351873
fs_coef_nnd_s2_k4	0.3558897147813499
fs_coef_nnd_s2_k5	0.4353085218219534
fs_coef_nnd_s2_k6	-0.32685949161163752
fs_coef_nnd_s2_k7	-0.58083968752641979
fs_coef_nnd_s2_k8	0.42362962006254518
fs_coef_nnd_s2_k9	-0.4855778920968653
fs_coef_nnd_s2_k10	0.5307709375509837
las_R_nnd_s2	6
las_lambda_nnd_s2	0.68000000000000005
las_ATE_nnd_s2	0.05844971699682347
las_Z_nnd_s2	0.34560318278777763
las_phi_nnd_s2	0
las_sel_nnd_s2_k1	1
las_sel_nnd_s2_k2	4
las_sel_nnd_s2_k3	8
las_sel_nnd_s2_k4	13
las_sel_nnd_s2_k5	76
las_sel_nnd_s2_k6	97
las_coef_nnd_s2_k1	0.34794094971674105
las_coef_nnd_s2_k2	0.34050930444413469
las_coef_nnd_s2_k3	-0.14900379994964552
las_coef_nnd_s2_k4	0.12288318946511959
las_coef_nnd_s2_k5	0.060018196442869827
las_coef_nnd_s2_k6	0.34911166861867243
lascv_R_nnd_s2	6
lascv_lambda_nnd_s2	0.70000000000000007
lascv_ATE_nnd_s2	0.057588389937415996
lascv_Z_nnd_s2	0.339351771552651
lascv_phi_nnd_s2	0
lascv_sel_nnd_s2_k1	1
lascv_sel_nnd_s2_k2	4
lascv_sel_nnd_s2_k3	8
lascv_sel_nnd_s2_k4	13
lascv_sel_nnd_s2_k5	76
lascv_sel_nnd_s2_k6	97
lascv_coef_nnd_s2_k1	0.36173505879256801
lascv_coef_nnd_s2_k2	0.32421817697648703
lascv_coef_nnd_s2_k3	-0.14222340556213386
lascv_coef_nnd_s2_k4	0.12884261281503853
lascv_coef_nnd_s2_k5	0.055720142095901329
lascv_coef_nnd_s2_k6	0.35366486625798038
fs_R_nnd_s3	4
fs_ATE_nnd_s3	-0.002060634440999702
fs_Z_nnd_s3	-0.024464186958793054
fs_phi_nnd_s3	0
fs_RSquared_nnd_s3	0.97438159716342487
fs_sel_nnd_s3_k1	3
fs_sel_nnd_s3_k2	4
fs_sel_nnd_s3_k3	40
fs_sel_nnd_s3_k4	54
fs_coef_nnd_s3_k1	0.24510927595035559
fs_coef_nnd_s3_k2	0.75721695253640176
fs_coef_nnd_s3_k3	-0.34070720105974928
fs_coef_nnd_s3_k4	0.33244487353291807
las_R_nnd_s3	5
las_lambda_nnd_s3	0.56000000000000005
las_ATE_nnd_s3	-0.036963824279165655
las_Z_nnd_s3	-0.30946692159135936
las_phi_nnd_s3	0
las_sel_nnd_s3_k1	1
las_sel_nnd_s3_k2	3
las_sel_nnd_s3_k3	4
las_sel_nnd_s3_k4	8
las_sel_nnd_s3_k5	86
las_coef_nnd_s3_k1	0.012514611355038906
las_coef_nnd_s3_k2	0.19827568167380374
las_coef_nnd_s3_k3	0.59183842187847835
las_coef_nnd_s3_k4	-0.38584054818998892
las_coef_nnd_s3_k5	-0.098601084262001176
lascv_R_nnd_s3	3
lascv_lambda_nnd_s3	0.76000000000000001
lascv_ATE_nnd_s3	-0.066614515419652562
lascv_Z_nnd_s3	-0.52780350289287625
lascv_phi_nnd_s3	0
lascv_sel_nnd_s3_k1	3
lascv_sel_nnd_s3_k2	4
lascv_sel_nnd_s3_k3	8
lascv_coef_nnd_s3_k1	0.23287025496861893
lascv_coef_nnd_s3_k2	0.57421327087268226
lascv_coef_nnd_s3_k3	-0.38562114296163719
fs_R_nnd_s4	8
fs_ATE_nnd_s4	0.0078204522824141063
fs_Z_nnd_s4	0.10324654165385463
fs_phi_nnd_s4	0
fs_RSquared_nnd_s4	0.98498084403050257
fs_sel_nnd_s4_k1	2
fs_sel_nnd_s4_k2	3
fs_sel_nnd_s4_k3	4
fs_sel_nnd_s4_k4	18
fs_sel_nnd_s4_k5	42
fs_sel_nnd_s4_k6	77
fs_sel_nnd_s4_k7	97
fs_sel_nnd_s4_k8	100
fs_coef_nnd_s4_k1	0.18351755725964292
fs_coef_nnd_s4_k2	0.35099597525226073
fs_coef_nnd_s4_k3	0.35326957867501763
fs_coef_nnd_s4_k4	-0.2744396593745409
fs_coef_nnd_s4_k5	-0.40270329893380163
fs_coef_nnd_s4_k6	0.37748286032493883
fs_coef_nnd_s4_k7	0.48661170063695053
fs_coef_nnd_s4_k8	-0.2798369907338471
las_R_nnd_s4	6
las_lambda_nnd_s4	0.35000000000000003
las_ATE_nnd_s4	0.073607521222961395
las_Z_nnd_s4	0.48787808504475977
las_phi_nnd_s4	0
las_sel_nnd_s4_k1	2
las_sel_nnd_s4_k2	3
las_sel_nnd_s4_k3	4
las_sel_nnd_s4_k4	78
las_sel_nnd_s4_k5	86
las_sel_nnd_s4_k6	97
las_coef_nnd_s4_k1	0.14928375727756907
las_coef_nnd_s4_k2	0.41954090032494201
las_coef_nnd_s4_k3	0.19836336619583114
las_coef_nnd_s4_k4	0.16833223278752751
las_coef_nnd_s4_k5	-0.38473772333526479
las_coef_nnd_s4_k6	0.30826803579206863
lascv_R_nnd_s4	6
lascv_lambda_nnd_s4	0.35000000000000003
lascv_ATE_nnd_s4	0.07524755760072821
lascv_Z_nnd_s4	0.50006497819763107
lascv_phi_nnd_s4	0
lascv_sel_nnd_s4_k1	2
lascv_sel_nnd_s4_k2	3
lascv_sel_nnd_s4_k3	4
lascv_sel_nnd_s4_k4	78
lascv_sel_nnd_s4_k5	86
lascv_sel_nnd_s4_k6	97
lascv_coef_nnd_s4_k1	0.15241234649168872
lascv_coef_nnd_s4_k2	0.41282034849851079
lascv_coef_nnd_s4_k3	0.20056857388726282
lascv_coef_nnd_s4_k4	0.17100949717548125
lascv_coef_nnd_s4_k5	-0.38811997743031224
lascv_coef_nnd_s4_k6	0.30769313537362197
